../App/hw/driver/can.c:126:6:canInit	16	static
../App/hw/driver/can.c:156:6:canLock	16	static
../App/hw/driver/can.c:161:6:canUnLock	4	static
../App/hw/driver/can.c:165:6:canOpen	48	static
../App/hw/driver/can.c:250:6:canIsOpen	16	static
../App/hw/driver/can.c:257:6:canClose	16	static
../App/hw/driver/can.c:267:6:canGetInfo	16	static
../App/hw/driver/can.c:279:10:canGetDlc	24	static
../App/hw/driver/can.c:304:9:canGetLen	16	static
../App/hw/driver/can.c:308:6:canSetFilterType	16	static
../App/hw/driver/can.c:313:6:canGetFilterType	16	static
../App/hw/driver/can.c:318:6:canConfigFilter	48	static
../App/hw/driver/can.c:353:10:canMsgAvailable	16	static
../App/hw/driver/can.c:360:6:canMsgInit	16	static
../App/hw/driver/can.c:369:6:canMsgWrite	72	static
../App/hw/driver/can.c:440:6:canMsgRead	24	static
../App/hw/driver/can.c:451:10:canGetRxErrCount	40	static
../App/hw/driver/can.c:467:10:canGetTxErrCount	40	static
../App/hw/driver/can.c:483:10:canGetError	16	static
../App/hw/driver/can.c:490:10:canGetRxCount	16	static
../App/hw/driver/can.c:497:10:canGetTxCount	16	static
../App/hw/driver/can.c:504:10:canGetState	16	static
../App/hw/driver/can.c:511:6:canAttachRxInterrupt	16	static
../App/hw/driver/can.c:519:6:canDetachRxInterrupt	16	static
../App/hw/driver/can.c:526:6:canRecovery	16	static
../App/hw/driver/can.c:540:6:canUpdate	24	static
../App/hw/driver/can.c:570:6:canRxFifoCallback	64	static
../App/hw/driver/can.c:612:6:canErrClear	16	static
../App/hw/driver/can.c:619:6:canErrPrint	24	static
../App/hw/driver/can.c:635:6:canErrUpdate	64	static
../App/hw/driver/can.c:669:6:canInfoPrint	24	static
../App/hw/driver/can.c:771:6:HAL_FDCAN_ErrorStatusCallback	24	static
../App/hw/driver/can.c:778:6:HAL_FDCAN_ErrorCallback	24	static
../App/hw/driver/can.c:788:6:HAL_FDCAN_RxFifo0Callback	16	static
../App/hw/driver/can.c:803:6:cliCan	200	static
