../App/hw/driver/can.c:127:6:canInit	16	static
../App/hw/driver/can.c:157:6:canLock	16	static
../App/hw/driver/can.c:162:6:canUnLock	4	static
../App/hw/driver/can.c:166:6:canOpen	48	static
../App/hw/driver/can.c:257:6:canIsOpen	16	static
../App/hw/driver/can.c:264:6:canClose	16	static
../App/hw/driver/can.c:274:6:canGetInfo	16	static
../App/hw/driver/can.c:286:10:canGetDlc	24	static
../App/hw/driver/can.c:311:9:canGetLen	16	static
../App/hw/driver/can.c:315:6:canSetFilterType	16	static
../App/hw/driver/can.c:320:6:canGetFilterType	16	static
../App/hw/driver/can.c:325:6:canConfigFilter	48	static
../App/hw/driver/can.c:360:10:canMsgAvailable	16	static
../App/hw/driver/can.c:367:6:canMsgInit	16	static
../App/hw/driver/can.c:376:6:canMsgWrite	72	static
../App/hw/driver/can.c:447:6:canMsgRead	24	static
../App/hw/driver/can.c:458:10:canGetRxErrCount	40	static
../App/hw/driver/can.c:474:10:canGetTxErrCount	40	static
../App/hw/driver/can.c:490:10:canGetError	16	static
../App/hw/driver/can.c:497:10:canGetRxCount	16	static
../App/hw/driver/can.c:504:10:canGetTxCount	16	static
../App/hw/driver/can.c:511:10:canGetState	16	static
../App/hw/driver/can.c:518:6:canAttachRxInterrupt	16	static
../App/hw/driver/can.c:526:6:canDetachRxInterrupt	16	static
../App/hw/driver/can.c:533:6:canRecovery	16	static
../App/hw/driver/can.c:547:6:canUpdate	24	static
../App/hw/driver/can.c:577:6:canRxFifoCallback	64	static
../App/hw/driver/can.c:619:6:canErrClear	16	static
../App/hw/driver/can.c:626:6:canErrPrint	24	static
../App/hw/driver/can.c:642:6:canErrUpdate	64	static
../App/hw/driver/can.c:676:6:canInfoPrint	24	static
../App/hw/driver/can.c:778:6:HAL_FDCAN_ErrorStatusCallback	24	static
../App/hw/driver/can.c:785:6:HAL_FDCAN_ErrorCallback	24	static
../App/hw/driver/can.c:795:6:HAL_FDCAN_RxFifo0Callback	16	static
../App/hw/driver/can.c:810:6:cliCan	200	static
