17:07:05 **** Clean-only build of configuration Debug for project uart2fdcan ****
make -j28 clean 
rm -rf ./Drivers/STM32G4xx_HAL_Driver/Src/stm32g4xx_hal.cyclo ./Drivers/STM32G4xx_HAL_Driver/Src/stm32g4xx_hal.d ./Drivers/STM32G4xx_HAL_Driver/Src/stm32g4xx_hal.o ./Drivers/STM32G4xx_HAL_Driver/Src/stm32g4xx_hal.su ./Drivers/STM32G4xx_HAL_Driver/Src/stm32g4xx_hal_cortex.cyclo ./Drivers/STM32G4xx_HAL_Driver/Src/stm32g4xx_hal_cortex.d ./Drivers/STM32G4xx_HAL_Driver/Src/stm32g4xx_hal_cortex.o ./Drivers/STM32G4xx_HAL_Driver/Src/stm32g4xx_hal_cortex.su ./Drivers/STM32G4xx_HAL_Driver/Src/stm32g4xx_hal_dma.cyclo ./Drivers/STM32G4xx_HAL_Driver/Src/stm32g4xx_hal_dma.d ./Drivers/STM32G4xx_HAL_Driver/Src/stm32g4xx_hal_dma.o ./Drivers/STM32G4xx_HAL_Driver/Src/stm32g4xx_hal_dma.su ./Drivers/STM32G4xx_HAL_Driver/Src/stm32g4xx_hal_dma_ex.cyclo ./Drivers/STM32G4xx_HAL_Driver/Src/stm32g4xx_hal_dma_ex.d ./Drivers/STM32G4xx_HAL_Driver/Src/stm32g4xx_hal_dma_ex.o ./Drivers/STM32G4xx_HAL_Driver/Src/stm32g4xx_hal_dma_ex.su ./Drivers/STM32G4xx_HAL_Driver/Src/stm32g4xx_hal_exti.cyclo ./Drivers/STM32G4xx_HAL_Driver/Src/stm32g4xx_hal_exti.d ./Drivers/STM32G4xx_HAL_Driver/Src/stm32g4xx_hal_exti.o ./Drivers/STM32G4xx_HAL_Driver/Src/stm32g4xx_hal_exti.su ./Drivers/STM32G4xx_HAL_Driver/Src/stm32g4xx_hal_fdcan.cyclo ./Drivers/STM32G4xx_HAL_Driver/Src/stm32g4xx_hal_fdcan.d ./Drivers/STM32G4xx_HAL_Driver/Src/stm32g4xx_hal_fdcan.o ./Drivers/STM32G4xx_HAL_Driver/Src/stm32g4xx_hal_fdcan.su ./Drivers/STM32G4xx_HAL_Driver/Src/stm32g4xx_hal_flash.cyclo ./Drivers/STM32G4xx_HAL_Driver/Src/stm32g4xx_hal_flash.d ./Drivers/STM32G4xx_HAL_Driver/Src/stm32g4xx_hal_flash.o ./Drivers/STM32G4xx_HAL_Driver/Src/stm32g4xx_hal_flash.su ./Drivers/STM32G4xx_HAL_Driver/Src/stm32g4xx_hal_flash_ex.cyclo ./Drivers/STM32G4xx_HAL_Driver/Src/stm32g4xx_hal_flash_ex.d ./Drivers/STM32G4xx_HAL_Driver/Src/stm32g4xx_hal_flash_ex.o ./Drivers/STM32G4xx_HAL_Driver/Src/stm32g4xx_hal_flash_ex.su ./Drivers/STM32G4xx_HAL_Driver/Src/stm32g4xx_hal_flash_ramfunc.cyclo ./Drivers/STM32G4xx_HAL_Driver/Src/stm32g4xx_hal_flash_ramfunc.d ./Drivers/STM32G4xx_HAL_Driver/Src/stm32g4xx_hal_flash_ramfunc.o ./Drivers/STM32G4xx_HAL_Driver/Src/stm32g4xx_hal_flash_ramfunc.su ./Drivers/STM32G4xx_HAL_Driver/Src/stm32g4xx_hal_gpio.cyclo ./Drivers/STM32G4xx_HAL_Driver/Src/stm32g4xx_hal_gpio.d ./Drivers/STM32G4xx_HAL_Driver/Src/stm32g4xx_hal_gpio.o ./Drivers/STM32G4xx_HAL_Driver/Src/stm32g4xx_hal_gpio.su ./Drivers/STM32G4xx_HAL_Driver/Src/stm32g4xx_hal_pwr.cyclo ./Drivers/STM32G4xx_HAL_Driver/Src/stm32g4xx_hal_pwr.d ./Drivers/STM32G4xx_HAL_Driver/Src/stm32g4xx_hal_pwr.o ./Drivers/STM32G4xx_HAL_Driver/Src/stm32g4xx_hal_pwr.su ./Drivers/STM32G4xx_HAL_Driver/Src/stm32g4xx_hal_pwr_ex.cyclo ./Drivers/STM32G4xx_HAL_Driver/Src/stm32g4xx_hal_pwr_ex.d ./Drivers/STM32G4xx_HAL_Driver/Src/stm32g4xx_hal_pwr_ex.o ./Drivers/STM32G4xx_HAL_Driver/Src/stm32g4xx_hal_pwr_ex.su ./Drivers/STM32G4xx_HAL_Driver/Src/stm32g4xx_hal_rcc.cyclo ./Drivers/STM32G4xx_HAL_Driver/Src/stm32g4xx_hal_rcc.d ./Drivers/STM32G4xx_HAL_Driver/Src/stm32g4xx_hal_rcc.o ./Drivers/STM32G4xx_HAL_Driver/Src/stm32g4xx_hal_rcc.su ./Drivers/STM32G4xx_HAL_Driver/Src/stm32g4xx_hal_rcc_ex.cyclo ./Drivers/STM32G4xx_HAL_Driver/Src/stm32g4xx_hal_rcc_ex.d ./Drivers/STM32G4xx_HAL_Driver/Src/stm32g4xx_hal_rcc_ex.o ./Drivers/STM32G4xx_HAL_Driver/Src/stm32g4xx_hal_rcc_ex.su ./Drivers/STM32G4xx_HAL_Driver/Src/stm32g4xx_hal_tim.cyclo ./Drivers/STM32G4xx_HAL_Driver/Src/stm32g4xx_hal_tim.d ./Drivers/STM32G4xx_HAL_Driver/Src/stm32g4xx_hal_tim.o ./Drivers/STM32G4xx_HAL_Driver/Src/stm32g4xx_hal_tim.su ./Drivers/STM32G4xx_HAL_Driver/Src/stm32g4xx_hal_tim_ex.cyclo ./Drivers/STM32G4xx_HAL_Driver/Src/stm32g4xx_hal_tim_ex.d ./Drivers/STM32G4xx_HAL_Driver/Src/stm32g4xx_hal_tim_ex.o ./Drivers/STM32G4xx_HAL_Driver/Src/stm32g4xx_hal_tim_ex.su ./Drivers/STM32G4xx_HAL_Driver/Src/stm32g4xx_hal_uart.cyclo ./Drivers/STM32G4xx_HAL_Driver/Src/stm32g4xx_hal_uart.d ./Drivers/STM32G4xx_HAL_Driver/Src/stm32g4xx_hal_uart.o ./Drivers/STM32G4xx_HAL_Driver/Src/stm32g4xx_hal_uart.su ./Drivers/STM32G4xx_HAL_Driver/Src/stm32g4xx_hal_uart_ex.cyclo ./Drivers/STM32G4xx_HAL_Driver/Src/stm32g4xx_hal_uart_ex.d ./Drivers/STM32G4xx_HAL_Driver/Src/stm32g4xx_hal_uart_ex.o ./Drivers/STM32G4xx_HAL_Driver/Src/stm32g4xx_hal_uart_ex.su
rm -rf ./Core/Startup/startup_stm32g431kbux.d ./Core/Startup/startup_stm32g431kbux.o
rm -rf ./Core/Src/main.cyclo ./Core/Src/main.d ./Core/Src/main.o ./Core/Src/main.su ./Core/Src/stm32g4xx_hal_msp.cyclo ./Core/Src/stm32g4xx_hal_msp.d ./Core/Src/stm32g4xx_hal_msp.o ./Core/Src/stm32g4xx_hal_msp.su ./Core/Src/stm32g4xx_it.cyclo ./Core/Src/stm32g4xx_it.d ./Core/Src/stm32g4xx_it.o ./Core/Src/stm32g4xx_it.su ./Core/Src/syscalls.cyclo ./Core/Src/syscalls.d ./Core/Src/syscalls.o ./Core/Src/syscalls.su ./Core/Src/sysmem.cyclo ./Core/Src/sysmem.d ./Core/Src/sysmem.o ./Core/Src/sysmem.su ./Core/Src/system_stm32g4xx.cyclo ./Core/Src/system_stm32g4xx.d ./Core/Src/system_stm32g4xx.o ./Core/Src/system_stm32g4xx.su
rm -rf ./App/hw/driver/touch/ak4183.cyclo ./App/hw/driver/touch/ak4183.d ./App/hw/driver/touch/ak4183.o ./App/hw/driver/touch/ak4183.su ./App/hw/driver/touch/ft5206.cyclo ./App/hw/driver/touch/ft5206.d ./App/hw/driver/touch/ft5206.o ./App/hw/driver/touch/ft5206.su ./App/hw/driver/touch/ft5316.cyclo ./App/hw/driver/touch/ft5316.d ./App/hw/driver/touch/ft5316.o ./App/hw/driver/touch/ft5316.su ./App/hw/driver/touch/gt911.cyclo ./App/hw/driver/touch/gt911.d ./App/hw/driver/touch/gt911.o ./App/hw/driver/touch/gt911.su
rm -rf ./App/hw/driver/button.cyclo ./App/hw/driver/button.d ./App/hw/driver/button.o ./App/hw/driver/button.su ./App/hw/driver/eeprom.cyclo ./App/hw/driver/eeprom.d ./App/hw/driver/eeprom.o ./App/hw/driver/eeprom.su ./App/hw/driver/fatfs.cyclo ./App/hw/driver/fatfs.d ./App/hw/driver/fatfs.o ./App/hw/driver/fatfs.su ./App/hw/driver/files.cyclo ./App/hw/driver/files.d ./App/hw/driver/files.o ./App/hw/driver/files.su ./App/hw/driver/flash.cyclo ./App/hw/driver/flash.d ./App/hw/driver/flash.o ./App/hw/driver/flash.su ./App/hw/driver/gpio.cyclo ./App/hw/driver/gpio.d ./App/hw/driver/gpio.o ./App/hw/driver/gpio.su ./App/hw/driver/i2c.cyclo ./App/hw/driver/i2c.d ./App/hw/driver/i2c.o ./App/hw/driver/i2c.su ./App/hw/driver/led.cyclo ./App/hw/driver/led.d ./App/hw/driver/led.o ./App/hw/driver/led.su ./App/hw/driver/log.cyclo ./App/hw/driver/log.d ./App/hw/driver/log.o ./App/hw/driver/log.su ./App/hw/driver/pwm.cyclo ./App/hw/driver/pwm.d ./App/hw/driver/pwm.o ./App/hw/driver/pwm.su ./App/hw/driver/qspi.cyclo ./App/hw/driver/qspi.d ./App/hw/driver/qspi.o ./App/hw/driver/qspi.su ./App/hw/driver/reset.cyclo ./App/hw/driver/reset.d ./App/hw/driver/reset.o ./App/hw/driver/reset.su ./App/hw/driver/rtc.cyclo ./App/hw/driver/rtc.d ./App/hw/driver/rtc.o ./App/hw/driver/rtc.su ./App/hw/driver/sdram.cyclo ./App/hw/driver/sdram.d ./App/hw/driver/sdram.o ./App/hw/driver/sdram.su ./App/hw/driver/spi.cyclo ./App/hw/driver/spi.d ./App/hw/driver/spi.o ./App/hw/driver/spi.su ./App/hw/driver/spi_flash.cyclo ./App/hw/driver/spi_flash.d ./App/hw/driver/spi_flash.o ./App/hw/driver/spi_flash.su ./App/hw/driver/swtimer.cyclo ./App/hw/driver/swtimer.d ./App/hw/driver/swtimer.o ./App/hw/driver/swtimer.su ./App/hw/driver/touch.cyclo ./App/hw/driver/touch.d ./App/hw/driver/touch.o ./App/hw/driver/touch.su ./App/hw/driver/uart.cyclo ./App/hw/driver/uart.d ./App/hw/driver/uart.o ./App/hw/driver/uart.su
rm -rf ./App/hw/hw.cyclo ./App/hw/hw.d ./App/hw/hw.o ./App/hw/hw.su
rm -rf ./App/common/hw/src/cli.cyclo ./App/common/hw/src/cli.d ./App/common/hw/src/cli.o ./App/common/hw/src/cli.su ./App/common/hw/src/cli_gui.cyclo ./App/common/hw/src/cli_gui.d ./App/common/hw/src/cli_gui.o ./App/common/hw/src/cli_gui.su
rm -rf ./App/common/core/qbuffer.cyclo ./App/common/core/qbuffer.d ./App/common/core/qbuffer.o ./App/common/core/qbuffer.su ./App/common/core/util.cyclo ./App/common/core/util.d ./App/common/core/util.o ./App/common/core/util.su
rm -rf ./App/bsp/bsp.cyclo ./App/bsp/bsp.d ./App/bsp/bsp.o ./App/bsp/bsp.su
rm -rf ./App/ap/ap.cyclo ./App/ap/ap.d ./App/ap/ap.o ./App/ap/ap.su
rm -rf default.size.stdout uart2fdcan.elf uart2fdcan.list uart2fdcan.map
 
17:07:06 **** Build of configuration Debug for project uart2fdcan ****
make -j28 all 
arm-none-eabi-gcc "../Drivers/STM32G4xx_HAL_Driver/Src/stm32g4xx_hal.c" -mcpu=cortex-m4 -std=gnu11 -g3 -DDEBUG -DUSE_HAL_DRIVER -DSTM32G431xx -c -I../Core/Inc -I../Drivers/STM32G4xx_HAL_Driver/Inc -I../Drivers/STM32G4xx_HAL_Driver/Inc/Legacy -I../Drivers/CMSIS/Device/ST/STM32G4xx/Include -I../Drivers/CMSIS/Include -I"D:/mcu/stm32g4_uart2fdcan/firmware/uart2fdcan/App/hw" -I"D:/mcu/stm32g4_uart2fdcan/firmware/uart2fdcan/App/common/hw" -I"D:/mcu/stm32g4_uart2fdcan/firmware/uart2fdcan/App/common/hw/include" -I"D:/mcu/stm32g4_uart2fdcan/firmware/uart2fdcan/App/common" -I"D:/mcu/stm32g4_uart2fdcan/firmware/uart2fdcan/App/common/core" -I"D:/mcu/stm32g4_uart2fdcan/firmware/uart2fdcan/App/ap" -I"D:/mcu/stm32g4_uart2fdcan/firmware/uart2fdcan/App/bsp" -O0 -ffunction-sections -fdata-sections -Wall -fstack-usage -fcyclomatic-complexity -MMD -MP -MF"Drivers/STM32G4xx_HAL_Driver/Src/stm32g4xx_hal.d" -MT"Drivers/STM32G4xx_HAL_Driver/Src/stm32g4xx_hal.o" --specs=nano.specs -mfpu=fpv4-sp-d16 -mfloat-abi=hard -mthumb -o "Drivers/STM32G4xx_HAL_Driver/Src/stm32g4xx_hal.o"
arm-none-eabi-gcc "../Drivers/STM32G4xx_HAL_Driver/Src/stm32g4xx_hal_cortex.c" -mcpu=cortex-m4 -std=gnu11 -g3 -DDEBUG -DUSE_HAL_DRIVER -DSTM32G431xx -c -I../Core/Inc -I../Drivers/STM32G4xx_HAL_Driver/Inc -I../Drivers/STM32G4xx_HAL_Driver/Inc/Legacy -I../Drivers/CMSIS/Device/ST/STM32G4xx/Include -I../Drivers/CMSIS/Include -I"D:/mcu/stm32g4_uart2fdcan/firmware/uart2fdcan/App/hw" -I"D:/mcu/stm32g4_uart2fdcan/firmware/uart2fdcan/App/common/hw" -I"D:/mcu/stm32g4_uart2fdcan/firmware/uart2fdcan/App/common/hw/include" -I"D:/mcu/stm32g4_uart2fdcan/firmware/uart2fdcan/App/common" -I"D:/mcu/stm32g4_uart2fdcan/firmware/uart2fdcan/App/common/core" -I"D:/mcu/stm32g4_uart2fdcan/firmware/uart2fdcan/App/ap" -I"D:/mcu/stm32g4_uart2fdcan/firmware/uart2fdcan/App/bsp" -O0 -ffunction-sections -fdata-sections -Wall -fstack-usage -fcyclomatic-complexity -MMD -MP -MF"Drivers/STM32G4xx_HAL_Driver/Src/stm32g4xx_hal_cortex.d" -MT"Drivers/STM32G4xx_HAL_Driver/Src/stm32g4xx_hal_cortex.o" --specs=nano.specs -mfpu=fpv4-sp-d16 -mfloat-abi=hard -mthumb -o "Drivers/STM32G4xx_HAL_Driver/Src/stm32g4xx_hal_cortex.o"
arm-none-eabi-gcc "../Drivers/STM32G4xx_HAL_Driver/Src/stm32g4xx_hal_dma.c" -mcpu=cortex-m4 -std=gnu11 -g3 -DDEBUG -DUSE_HAL_DRIVER -DSTM32G431xx -c -I../Core/Inc -I../Drivers/STM32G4xx_HAL_Driver/Inc -I../Drivers/STM32G4xx_HAL_Driver/Inc/Legacy -I../Drivers/CMSIS/Device/ST/STM32G4xx/Include -I../Drivers/CMSIS/Include -I"D:/mcu/stm32g4_uart2fdcan/firmware/uart2fdcan/App/hw" -I"D:/mcu/stm32g4_uart2fdcan/firmware/uart2fdcan/App/common/hw" -I"D:/mcu/stm32g4_uart2fdcan/firmware/uart2fdcan/App/common/hw/include" -I"D:/mcu/stm32g4_uart2fdcan/firmware/uart2fdcan/App/common" -I"D:/mcu/stm32g4_uart2fdcan/firmware/uart2fdcan/App/common/core" -I"D:/mcu/stm32g4_uart2fdcan/firmware/uart2fdcan/App/ap" -I"D:/mcu/stm32g4_uart2fdcan/firmware/uart2fdcan/App/bsp" -O0 -ffunction-sections -fdata-sections -Wall -fstack-usage -fcyclomatic-complexity -MMD -MP -MF"Drivers/STM32G4xx_HAL_Driver/Src/stm32g4xx_hal_dma.d" -MT"Drivers/STM32G4xx_HAL_Driver/Src/stm32g4xx_hal_dma.o" --specs=nano.specs -mfpu=fpv4-sp-d16 -mfloat-abi=hard -mthumb -o "Drivers/STM32G4xx_HAL_Driver/Src/stm32g4xx_hal_dma.o"
arm-none-eabi-gcc "../Drivers/STM32G4xx_HAL_Driver/Src/stm32g4xx_hal_dma_ex.c" -mcpu=cortex-m4 -std=gnu11 -g3 -DDEBUG -DUSE_HAL_DRIVER -DSTM32G431xx -c -I../Core/Inc -I../Drivers/STM32G4xx_HAL_Driver/Inc -I../Drivers/STM32G4xx_HAL_Driver/Inc/Legacy -I../Drivers/CMSIS/Device/ST/STM32G4xx/Include -I../Drivers/CMSIS/Include -I"D:/mcu/stm32g4_uart2fdcan/firmware/uart2fdcan/App/hw" -I"D:/mcu/stm32g4_uart2fdcan/firmware/uart2fdcan/App/common/hw" -I"D:/mcu/stm32g4_uart2fdcan/firmware/uart2fdcan/App/common/hw/include" -I"D:/mcu/stm32g4_uart2fdcan/firmware/uart2fdcan/App/common" -I"D:/mcu/stm32g4_uart2fdcan/firmware/uart2fdcan/App/common/core" -I"D:/mcu/stm32g4_uart2fdcan/firmware/uart2fdcan/App/ap" -I"D:/mcu/stm32g4_uart2fdcan/firmware/uart2fdcan/App/bsp" -O0 -ffunction-sections -fdata-sections -Wall -fstack-usage -fcyclomatic-complexity -MMD -MP -MF"Drivers/STM32G4xx_HAL_Driver/Src/stm32g4xx_hal_dma_ex.d" -MT"Drivers/STM32G4xx_HAL_Driver/Src/stm32g4xx_hal_dma_ex.o" --specs=nano.specs -mfpu=fpv4-sp-d16 -mfloat-abi=hard -mthumb -o "Drivers/STM32G4xx_HAL_Driver/Src/stm32g4xx_hal_dma_ex.o"
arm-none-eabi-gcc "../Drivers/STM32G4xx_HAL_Driver/Src/stm32g4xx_hal_exti.c" -mcpu=cortex-m4 -std=gnu11 -g3 -DDEBUG -DUSE_HAL_DRIVER -DSTM32G431xx -c -I../Core/Inc -I../Drivers/STM32G4xx_HAL_Driver/Inc -I../Drivers/STM32G4xx_HAL_Driver/Inc/Legacy -I../Drivers/CMSIS/Device/ST/STM32G4xx/Include -I../Drivers/CMSIS/Include -I"D:/mcu/stm32g4_uart2fdcan/firmware/uart2fdcan/App/hw" -I"D:/mcu/stm32g4_uart2fdcan/firmware/uart2fdcan/App/common/hw" -I"D:/mcu/stm32g4_uart2fdcan/firmware/uart2fdcan/App/common/hw/include" -I"D:/mcu/stm32g4_uart2fdcan/firmware/uart2fdcan/App/common" -I"D:/mcu/stm32g4_uart2fdcan/firmware/uart2fdcan/App/common/core" -I"D:/mcu/stm32g4_uart2fdcan/firmware/uart2fdcan/App/ap" -I"D:/mcu/stm32g4_uart2fdcan/firmware/uart2fdcan/App/bsp" -O0 -ffunction-sections -fdata-sections -Wall -fstack-usage -fcyclomatic-complexity -MMD -MP -MF"Drivers/STM32G4xx_HAL_Driver/Src/stm32g4xx_hal_exti.d" -MT"Drivers/STM32G4xx_HAL_Driver/Src/stm32g4xx_hal_exti.o" --specs=nano.specs -mfpu=fpv4-sp-d16 -mfloat-abi=hard -mthumb -o "Drivers/STM32G4xx_HAL_Driver/Src/stm32g4xx_hal_exti.o"
arm-none-eabi-gcc "../Drivers/STM32G4xx_HAL_Driver/Src/stm32g4xx_hal_fdcan.c" -mcpu=cortex-m4 -std=gnu11 -g3 -DDEBUG -DUSE_HAL_DRIVER -DSTM32G431xx -c -I../Core/Inc -I../Drivers/STM32G4xx_HAL_Driver/Inc -I../Drivers/STM32G4xx_HAL_Driver/Inc/Legacy -I../Drivers/CMSIS/Device/ST/STM32G4xx/Include -I../Drivers/CMSIS/Include -I"D:/mcu/stm32g4_uart2fdcan/firmware/uart2fdcan/App/hw" -I"D:/mcu/stm32g4_uart2fdcan/firmware/uart2fdcan/App/common/hw" -I"D:/mcu/stm32g4_uart2fdcan/firmware/uart2fdcan/App/common/hw/include" -I"D:/mcu/stm32g4_uart2fdcan/firmware/uart2fdcan/App/common" -I"D:/mcu/stm32g4_uart2fdcan/firmware/uart2fdcan/App/common/core" -I"D:/mcu/stm32g4_uart2fdcan/firmware/uart2fdcan/App/ap" -I"D:/mcu/stm32g4_uart2fdcan/firmware/uart2fdcan/App/bsp" -O0 -ffunction-sections -fdata-sections -Wall -fstack-usage -fcyclomatic-complexity -MMD -MP -MF"Drivers/STM32G4xx_HAL_Driver/Src/stm32g4xx_hal_fdcan.d" -MT"Drivers/STM32G4xx_HAL_Driver/Src/stm32g4xx_hal_fdcan.o" --specs=nano.specs -mfpu=fpv4-sp-d16 -mfloat-abi=hard -mthumb -o "Drivers/STM32G4xx_HAL_Driver/Src/stm32g4xx_hal_fdcan.o"
arm-none-eabi-gcc "../Drivers/STM32G4xx_HAL_Driver/Src/stm32g4xx_hal_flash.c" -mcpu=cortex-m4 -std=gnu11 -g3 -DDEBUG -DUSE_HAL_DRIVER -DSTM32G431xx -c -I../Core/Inc -I../Drivers/STM32G4xx_HAL_Driver/Inc -I../Drivers/STM32G4xx_HAL_Driver/Inc/Legacy -I../Drivers/CMSIS/Device/ST/STM32G4xx/Include -I../Drivers/CMSIS/Include -I"D:/mcu/stm32g4_uart2fdcan/firmware/uart2fdcan/App/hw" -I"D:/mcu/stm32g4_uart2fdcan/firmware/uart2fdcan/App/common/hw" -I"D:/mcu/stm32g4_uart2fdcan/firmware/uart2fdcan/App/common/hw/include" -I"D:/mcu/stm32g4_uart2fdcan/firmware/uart2fdcan/App/common" -I"D:/mcu/stm32g4_uart2fdcan/firmware/uart2fdcan/App/common/core" -I"D:/mcu/stm32g4_uart2fdcan/firmware/uart2fdcan/App/ap" -I"D:/mcu/stm32g4_uart2fdcan/firmware/uart2fdcan/App/bsp" -O0 -ffunction-sections -fdata-sections -Wall -fstack-usage -fcyclomatic-complexity -MMD -MP -MF"Drivers/STM32G4xx_HAL_Driver/Src/stm32g4xx_hal_flash.d" -MT"Drivers/STM32G4xx_HAL_Driver/Src/stm32g4xx_hal_flash.o" --specs=nano.specs -mfpu=fpv4-sp-d16 -mfloat-abi=hard -mthumb -o "Drivers/STM32G4xx_HAL_Driver/Src/stm32g4xx_hal_flash.o"
arm-none-eabi-gcc "../Drivers/STM32G4xx_HAL_Driver/Src/stm32g4xx_hal_flash_ex.c" -mcpu=cortex-m4 -std=gnu11 -g3 -DDEBUG -DUSE_HAL_DRIVER -DSTM32G431xx -c -I../Core/Inc -I../Drivers/STM32G4xx_HAL_Driver/Inc -I../Drivers/STM32G4xx_HAL_Driver/Inc/Legacy -I../Drivers/CMSIS/Device/ST/STM32G4xx/Include -I../Drivers/CMSIS/Include -I"D:/mcu/stm32g4_uart2fdcan/firmware/uart2fdcan/App/hw" -I"D:/mcu/stm32g4_uart2fdcan/firmware/uart2fdcan/App/common/hw" -I"D:/mcu/stm32g4_uart2fdcan/firmware/uart2fdcan/App/common/hw/include" -I"D:/mcu/stm32g4_uart2fdcan/firmware/uart2fdcan/App/common" -I"D:/mcu/stm32g4_uart2fdcan/firmware/uart2fdcan/App/common/core" -I"D:/mcu/stm32g4_uart2fdcan/firmware/uart2fdcan/App/ap" -I"D:/mcu/stm32g4_uart2fdcan/firmware/uart2fdcan/App/bsp" -O0 -ffunction-sections -fdata-sections -Wall -fstack-usage -fcyclomatic-complexity -MMD -MP -MF"Drivers/STM32G4xx_HAL_Driver/Src/stm32g4xx_hal_flash_ex.d" -MT"Drivers/STM32G4xx_HAL_Driver/Src/stm32g4xx_hal_flash_ex.o" --specs=nano.specs -mfpu=fpv4-sp-d16 -mfloat-abi=hard -mthumb -o "Drivers/STM32G4xx_HAL_Driver/Src/stm32g4xx_hal_flash_ex.o"
arm-none-eabi-gcc "../Drivers/STM32G4xx_HAL_Driver/Src/stm32g4xx_hal_flash_ramfunc.c" -mcpu=cortex-m4 -std=gnu11 -g3 -DDEBUG -DUSE_HAL_DRIVER -DSTM32G431xx -c -I../Core/Inc -I../Drivers/STM32G4xx_HAL_Driver/Inc -I../Drivers/STM32G4xx_HAL_Driver/Inc/Legacy -I../Drivers/CMSIS/Device/ST/STM32G4xx/Include -I../Drivers/CMSIS/Include -I"D:/mcu/stm32g4_uart2fdcan/firmware/uart2fdcan/App/hw" -I"D:/mcu/stm32g4_uart2fdcan/firmware/uart2fdcan/App/common/hw" -I"D:/mcu/stm32g4_uart2fdcan/firmware/uart2fdcan/App/common/hw/include" -I"D:/mcu/stm32g4_uart2fdcan/firmware/uart2fdcan/App/common" -I"D:/mcu/stm32g4_uart2fdcan/firmware/uart2fdcan/App/common/core" -I"D:/mcu/stm32g4_uart2fdcan/firmware/uart2fdcan/App/ap" -I"D:/mcu/stm32g4_uart2fdcan/firmware/uart2fdcan/App/bsp" -O0 -ffunction-sections -fdata-sections -Wall -fstack-usage -fcyclomatic-complexity -MMD -MP -MF"Drivers/STM32G4xx_HAL_Driver/Src/stm32g4xx_hal_flash_ramfunc.d" -MT"Drivers/STM32G4xx_HAL_Driver/Src/stm32g4xx_hal_flash_ramfunc.o" --specs=nano.specs -mfpu=fpv4-sp-d16 -mfloat-abi=hard -mthumb -o "Drivers/STM32G4xx_HAL_Driver/Src/stm32g4xx_hal_flash_ramfunc.o"
arm-none-eabi-gcc "../Drivers/STM32G4xx_HAL_Driver/Src/stm32g4xx_hal_gpio.c" -mcpu=cortex-m4 -std=gnu11 -g3 -DDEBUG -DUSE_HAL_DRIVER -DSTM32G431xx -c -I../Core/Inc -I../Drivers/STM32G4xx_HAL_Driver/Inc -I../Drivers/STM32G4xx_HAL_Driver/Inc/Legacy -I../Drivers/CMSIS/Device/ST/STM32G4xx/Include -I../Drivers/CMSIS/Include -I"D:/mcu/stm32g4_uart2fdcan/firmware/uart2fdcan/App/hw" -I"D:/mcu/stm32g4_uart2fdcan/firmware/uart2fdcan/App/common/hw" -I"D:/mcu/stm32g4_uart2fdcan/firmware/uart2fdcan/App/common/hw/include" -I"D:/mcu/stm32g4_uart2fdcan/firmware/uart2fdcan/App/common" -I"D:/mcu/stm32g4_uart2fdcan/firmware/uart2fdcan/App/common/core" -I"D:/mcu/stm32g4_uart2fdcan/firmware/uart2fdcan/App/ap" -I"D:/mcu/stm32g4_uart2fdcan/firmware/uart2fdcan/App/bsp" -O0 -ffunction-sections -fdata-sections -Wall -fstack-usage -fcyclomatic-complexity -MMD -MP -MF"Drivers/STM32G4xx_HAL_Driver/Src/stm32g4xx_hal_gpio.d" -MT"Drivers/STM32G4xx_HAL_Driver/Src/stm32g4xx_hal_gpio.o" --specs=nano.specs -mfpu=fpv4-sp-d16 -mfloat-abi=hard -mthumb -o "Drivers/STM32G4xx_HAL_Driver/Src/stm32g4xx_hal_gpio.o"
arm-none-eabi-gcc "../Drivers/STM32G4xx_HAL_Driver/Src/stm32g4xx_hal_pwr.c" -mcpu=cortex-m4 -std=gnu11 -g3 -DDEBUG -DUSE_HAL_DRIVER -DSTM32G431xx -c -I../Core/Inc -I../Drivers/STM32G4xx_HAL_Driver/Inc -I../Drivers/STM32G4xx_HAL_Driver/Inc/Legacy -I../Drivers/CMSIS/Device/ST/STM32G4xx/Include -I../Drivers/CMSIS/Include -I"D:/mcu/stm32g4_uart2fdcan/firmware/uart2fdcan/App/hw" -I"D:/mcu/stm32g4_uart2fdcan/firmware/uart2fdcan/App/common/hw" -I"D:/mcu/stm32g4_uart2fdcan/firmware/uart2fdcan/App/common/hw/include" -I"D:/mcu/stm32g4_uart2fdcan/firmware/uart2fdcan/App/common" -I"D:/mcu/stm32g4_uart2fdcan/firmware/uart2fdcan/App/common/core" -I"D:/mcu/stm32g4_uart2fdcan/firmware/uart2fdcan/App/ap" -I"D:/mcu/stm32g4_uart2fdcan/firmware/uart2fdcan/App/bsp" -O0 -ffunction-sections -fdata-sections -Wall -fstack-usage -fcyclomatic-complexity -MMD -MP -MF"Drivers/STM32G4xx_HAL_Driver/Src/stm32g4xx_hal_pwr.d" -MT"Drivers/STM32G4xx_HAL_Driver/Src/stm32g4xx_hal_pwr.o" --specs=nano.specs -mfpu=fpv4-sp-d16 -mfloat-abi=hard -mthumb -o "Drivers/STM32G4xx_HAL_Driver/Src/stm32g4xx_hal_pwr.o"
arm-none-eabi-gcc "../Drivers/STM32G4xx_HAL_Driver/Src/stm32g4xx_hal_pwr_ex.c" -mcpu=cortex-m4 -std=gnu11 -g3 -DDEBUG -DUSE_HAL_DRIVER -DSTM32G431xx -c -I../Core/Inc -I../Drivers/STM32G4xx_HAL_Driver/Inc -I../Drivers/STM32G4xx_HAL_Driver/Inc/Legacy -I../Drivers/CMSIS/Device/ST/STM32G4xx/Include -I../Drivers/CMSIS/Include -I"D:/mcu/stm32g4_uart2fdcan/firmware/uart2fdcan/App/hw" -I"D:/mcu/stm32g4_uart2fdcan/firmware/uart2fdcan/App/common/hw" -I"D:/mcu/stm32g4_uart2fdcan/firmware/uart2fdcan/App/common/hw/include" -I"D:/mcu/stm32g4_uart2fdcan/firmware/uart2fdcan/App/common" -I"D:/mcu/stm32g4_uart2fdcan/firmware/uart2fdcan/App/common/core" -I"D:/mcu/stm32g4_uart2fdcan/firmware/uart2fdcan/App/ap" -I"D:/mcu/stm32g4_uart2fdcan/firmware/uart2fdcan/App/bsp" -O0 -ffunction-sections -fdata-sections -Wall -fstack-usage -fcyclomatic-complexity -MMD -MP -MF"Drivers/STM32G4xx_HAL_Driver/Src/stm32g4xx_hal_pwr_ex.d" -MT"Drivers/STM32G4xx_HAL_Driver/Src/stm32g4xx_hal_pwr_ex.o" --specs=nano.specs -mfpu=fpv4-sp-d16 -mfloat-abi=hard -mthumb -o "Drivers/STM32G4xx_HAL_Driver/Src/stm32g4xx_hal_pwr_ex.o"
arm-none-eabi-gcc "../Drivers/STM32G4xx_HAL_Driver/Src/stm32g4xx_hal_rcc.c" -mcpu=cortex-m4 -std=gnu11 -g3 -DDEBUG -DUSE_HAL_DRIVER -DSTM32G431xx -c -I../Core/Inc -I../Drivers/STM32G4xx_HAL_Driver/Inc -I../Drivers/STM32G4xx_HAL_Driver/Inc/Legacy -I../Drivers/CMSIS/Device/ST/STM32G4xx/Include -I../Drivers/CMSIS/Include -I"D:/mcu/stm32g4_uart2fdcan/firmware/uart2fdcan/App/hw" -I"D:/mcu/stm32g4_uart2fdcan/firmware/uart2fdcan/App/common/hw" -I"D:/mcu/stm32g4_uart2fdcan/firmware/uart2fdcan/App/common/hw/include" -I"D:/mcu/stm32g4_uart2fdcan/firmware/uart2fdcan/App/common" -I"D:/mcu/stm32g4_uart2fdcan/firmware/uart2fdcan/App/common/core" -I"D:/mcu/stm32g4_uart2fdcan/firmware/uart2fdcan/App/ap" -I"D:/mcu/stm32g4_uart2fdcan/firmware/uart2fdcan/App/bsp" -O0 -ffunction-sections -fdata-sections -Wall -fstack-usage -fcyclomatic-complexity -MMD -MP -MF"Drivers/STM32G4xx_HAL_Driver/Src/stm32g4xx_hal_rcc.d" -MT"Drivers/STM32G4xx_HAL_Driver/Src/stm32g4xx_hal_rcc.o" --specs=nano.specs -mfpu=fpv4-sp-d16 -mfloat-abi=hard -mthumb -o "Drivers/STM32G4xx_HAL_Driver/Src/stm32g4xx_hal_rcc.o"
arm-none-eabi-gcc "../Drivers/STM32G4xx_HAL_Driver/Src/stm32g4xx_hal_rcc_ex.c" -mcpu=cortex-m4 -std=gnu11 -g3 -DDEBUG -DUSE_HAL_DRIVER -DSTM32G431xx -c -I../Core/Inc -I../Drivers/STM32G4xx_HAL_Driver/Inc -I../Drivers/STM32G4xx_HAL_Driver/Inc/Legacy -I../Drivers/CMSIS/Device/ST/STM32G4xx/Include -I../Drivers/CMSIS/Include -I"D:/mcu/stm32g4_uart2fdcan/firmware/uart2fdcan/App/hw" -I"D:/mcu/stm32g4_uart2fdcan/firmware/uart2fdcan/App/common/hw" -I"D:/mcu/stm32g4_uart2fdcan/firmware/uart2fdcan/App/common/hw/include" -I"D:/mcu/stm32g4_uart2fdcan/firmware/uart2fdcan/App/common" -I"D:/mcu/stm32g4_uart2fdcan/firmware/uart2fdcan/App/common/core" -I"D:/mcu/stm32g4_uart2fdcan/firmware/uart2fdcan/App/ap" -I"D:/mcu/stm32g4_uart2fdcan/firmware/uart2fdcan/App/bsp" -O0 -ffunction-sections -fdata-sections -Wall -fstack-usage -fcyclomatic-complexity -MMD -MP -MF"Drivers/STM32G4xx_HAL_Driver/Src/stm32g4xx_hal_rcc_ex.d" -MT"Drivers/STM32G4xx_HAL_Driver/Src/stm32g4xx_hal_rcc_ex.o" --specs=nano.specs -mfpu=fpv4-sp-d16 -mfloat-abi=hard -mthumb -o "Drivers/STM32G4xx_HAL_Driver/Src/stm32g4xx_hal_rcc_ex.o"
arm-none-eabi-gcc "../Drivers/STM32G4xx_HAL_Driver/Src/stm32g4xx_hal_tim.c" -mcpu=cortex-m4 -std=gnu11 -g3 -DDEBUG -DUSE_HAL_DRIVER -DSTM32G431xx -c -I../Core/Inc -I../Drivers/STM32G4xx_HAL_Driver/Inc -I../Drivers/STM32G4xx_HAL_Driver/Inc/Legacy -I../Drivers/CMSIS/Device/ST/STM32G4xx/Include -I../Drivers/CMSIS/Include -I"D:/mcu/stm32g4_uart2fdcan/firmware/uart2fdcan/App/hw" -I"D:/mcu/stm32g4_uart2fdcan/firmware/uart2fdcan/App/common/hw" -I"D:/mcu/stm32g4_uart2fdcan/firmware/uart2fdcan/App/common/hw/include" -I"D:/mcu/stm32g4_uart2fdcan/firmware/uart2fdcan/App/common" -I"D:/mcu/stm32g4_uart2fdcan/firmware/uart2fdcan/App/common/core" -I"D:/mcu/stm32g4_uart2fdcan/firmware/uart2fdcan/App/ap" -I"D:/mcu/stm32g4_uart2fdcan/firmware/uart2fdcan/App/bsp" -O0 -ffunction-sections -fdata-sections -Wall -fstack-usage -fcyclomatic-complexity -MMD -MP -MF"Drivers/STM32G4xx_HAL_Driver/Src/stm32g4xx_hal_tim.d" -MT"Drivers/STM32G4xx_HAL_Driver/Src/stm32g4xx_hal_tim.o" --specs=nano.specs -mfpu=fpv4-sp-d16 -mfloat-abi=hard -mthumb -o "Drivers/STM32G4xx_HAL_Driver/Src/stm32g4xx_hal_tim.o"
arm-none-eabi-gcc "../Drivers/STM32G4xx_HAL_Driver/Src/stm32g4xx_hal_tim_ex.c" -mcpu=cortex-m4 -std=gnu11 -g3 -DDEBUG -DUSE_HAL_DRIVER -DSTM32G431xx -c -I../Core/Inc -I../Drivers/STM32G4xx_HAL_Driver/Inc -I../Drivers/STM32G4xx_HAL_Driver/Inc/Legacy -I../Drivers/CMSIS/Device/ST/STM32G4xx/Include -I../Drivers/CMSIS/Include -I"D:/mcu/stm32g4_uart2fdcan/firmware/uart2fdcan/App/hw" -I"D:/mcu/stm32g4_uart2fdcan/firmware/uart2fdcan/App/common/hw" -I"D:/mcu/stm32g4_uart2fdcan/firmware/uart2fdcan/App/common/hw/include" -I"D:/mcu/stm32g4_uart2fdcan/firmware/uart2fdcan/App/common" -I"D:/mcu/stm32g4_uart2fdcan/firmware/uart2fdcan/App/common/core" -I"D:/mcu/stm32g4_uart2fdcan/firmware/uart2fdcan/App/ap" -I"D:/mcu/stm32g4_uart2fdcan/firmware/uart2fdcan/App/bsp" -O0 -ffunction-sections -fdata-sections -Wall -fstack-usage -fcyclomatic-complexity -MMD -MP -MF"Drivers/STM32G4xx_HAL_Driver/Src/stm32g4xx_hal_tim_ex.d" -MT"Drivers/STM32G4xx_HAL_Driver/Src/stm32g4xx_hal_tim_ex.o" --specs=nano.specs -mfpu=fpv4-sp-d16 -mfloat-abi=hard -mthumb -o "Drivers/STM32G4xx_HAL_Driver/Src/stm32g4xx_hal_tim_ex.o"
arm-none-eabi-gcc "../Drivers/STM32G4xx_HAL_Driver/Src/stm32g4xx_hal_uart.c" -mcpu=cortex-m4 -std=gnu11 -g3 -DDEBUG -DUSE_HAL_DRIVER -DSTM32G431xx -c -I../Core/Inc -I../Drivers/STM32G4xx_HAL_Driver/Inc -I../Drivers/STM32G4xx_HAL_Driver/Inc/Legacy -I../Drivers/CMSIS/Device/ST/STM32G4xx/Include -I../Drivers/CMSIS/Include -I"D:/mcu/stm32g4_uart2fdcan/firmware/uart2fdcan/App/hw" -I"D:/mcu/stm32g4_uart2fdcan/firmware/uart2fdcan/App/common/hw" -I"D:/mcu/stm32g4_uart2fdcan/firmware/uart2fdcan/App/common/hw/include" -I"D:/mcu/stm32g4_uart2fdcan/firmware/uart2fdcan/App/common" -I"D:/mcu/stm32g4_uart2fdcan/firmware/uart2fdcan/App/common/core" -I"D:/mcu/stm32g4_uart2fdcan/firmware/uart2fdcan/App/ap" -I"D:/mcu/stm32g4_uart2fdcan/firmware/uart2fdcan/App/bsp" -O0 -ffunction-sections -fdata-sections -Wall -fstack-usage -fcyclomatic-complexity -MMD -MP -MF"Drivers/STM32G4xx_HAL_Driver/Src/stm32g4xx_hal_uart.d" -MT"Drivers/STM32G4xx_HAL_Driver/Src/stm32g4xx_hal_uart.o" --specs=nano.specs -mfpu=fpv4-sp-d16 -mfloat-abi=hard -mthumb -o "Drivers/STM32G4xx_HAL_Driver/Src/stm32g4xx_hal_uart.o"
arm-none-eabi-gcc "../Drivers/STM32G4xx_HAL_Driver/Src/stm32g4xx_hal_uart_ex.c" -mcpu=cortex-m4 -std=gnu11 -g3 -DDEBUG -DUSE_HAL_DRIVER -DSTM32G431xx -c -I../Core/Inc -I../Drivers/STM32G4xx_HAL_Driver/Inc -I../Drivers/STM32G4xx_HAL_Driver/Inc/Legacy -I../Drivers/CMSIS/Device/ST/STM32G4xx/Include -I../Drivers/CMSIS/Include -I"D:/mcu/stm32g4_uart2fdcan/firmware/uart2fdcan/App/hw" -I"D:/mcu/stm32g4_uart2fdcan/firmware/uart2fdcan/App/common/hw" -I"D:/mcu/stm32g4_uart2fdcan/firmware/uart2fdcan/App/common/hw/include" -I"D:/mcu/stm32g4_uart2fdcan/firmware/uart2fdcan/App/common" -I"D:/mcu/stm32g4_uart2fdcan/firmware/uart2fdcan/App/common/core" -I"D:/mcu/stm32g4_uart2fdcan/firmware/uart2fdcan/App/ap" -I"D:/mcu/stm32g4_uart2fdcan/firmware/uart2fdcan/App/bsp" -O0 -ffunction-sections -fdata-sections -Wall -fstack-usage -fcyclomatic-complexity -MMD -MP -MF"Drivers/STM32G4xx_HAL_Driver/Src/stm32g4xx_hal_uart_ex.d" -MT"Drivers/STM32G4xx_HAL_Driver/Src/stm32g4xx_hal_uart_ex.o" --specs=nano.specs -mfpu=fpv4-sp-d16 -mfloat-abi=hard -mthumb -o "Drivers/STM32G4xx_HAL_Driver/Src/stm32g4xx_hal_uart_ex.o"
arm-none-eabi-gcc -mcpu=cortex-m4 -g3 -DDEBUG -c -x assembler-with-cpp -MMD -MP -MF"Core/Startup/startup_stm32g431kbux.d" -MT"Core/Startup/startup_stm32g431kbux.o" --specs=nano.specs -mfpu=fpv4-sp-d16 -mfloat-abi=hard -mthumb -o "Core/Startup/startup_stm32g431kbux.o" "../Core/Startup/startup_stm32g431kbux.s"
arm-none-eabi-gcc "../Core/Src/main.c" -mcpu=cortex-m4 -std=gnu11 -g3 -DDEBUG -DUSE_HAL_DRIVER -DSTM32G431xx -c -I../Core/Inc -I../Drivers/STM32G4xx_HAL_Driver/Inc -I../Drivers/STM32G4xx_HAL_Driver/Inc/Legacy -I../Drivers/CMSIS/Device/ST/STM32G4xx/Include -I../Drivers/CMSIS/Include -I"D:/mcu/stm32g4_uart2fdcan/firmware/uart2fdcan/App/hw" -I"D:/mcu/stm32g4_uart2fdcan/firmware/uart2fdcan/App/common/hw" -I"D:/mcu/stm32g4_uart2fdcan/firmware/uart2fdcan/App/common/hw/include" -I"D:/mcu/stm32g4_uart2fdcan/firmware/uart2fdcan/App/common" -I"D:/mcu/stm32g4_uart2fdcan/firmware/uart2fdcan/App/common/core" -I"D:/mcu/stm32g4_uart2fdcan/firmware/uart2fdcan/App/ap" -I"D:/mcu/stm32g4_uart2fdcan/firmware/uart2fdcan/App/bsp" -O0 -ffunction-sections -fdata-sections -Wall -fstack-usage -fcyclomatic-complexity -MMD -MP -MF"Core/Src/main.d" -MT"Core/Src/main.o" --specs=nano.specs -mfpu=fpv4-sp-d16 -mfloat-abi=hard -mthumb -o "Core/Src/main.o"
arm-none-eabi-gcc "../Core/Src/stm32g4xx_hal_msp.c" -mcpu=cortex-m4 -std=gnu11 -g3 -DDEBUG -DUSE_HAL_DRIVER -DSTM32G431xx -c -I../Core/Inc -I../Drivers/STM32G4xx_HAL_Driver/Inc -I../Drivers/STM32G4xx_HAL_Driver/Inc/Legacy -I../Drivers/CMSIS/Device/ST/STM32G4xx/Include -I../Drivers/CMSIS/Include -I"D:/mcu/stm32g4_uart2fdcan/firmware/uart2fdcan/App/hw" -I"D:/mcu/stm32g4_uart2fdcan/firmware/uart2fdcan/App/common/hw" -I"D:/mcu/stm32g4_uart2fdcan/firmware/uart2fdcan/App/common/hw/include" -I"D:/mcu/stm32g4_uart2fdcan/firmware/uart2fdcan/App/common" -I"D:/mcu/stm32g4_uart2fdcan/firmware/uart2fdcan/App/common/core" -I"D:/mcu/stm32g4_uart2fdcan/firmware/uart2fdcan/App/ap" -I"D:/mcu/stm32g4_uart2fdcan/firmware/uart2fdcan/App/bsp" -O0 -ffunction-sections -fdata-sections -Wall -fstack-usage -fcyclomatic-complexity -MMD -MP -MF"Core/Src/stm32g4xx_hal_msp.d" -MT"Core/Src/stm32g4xx_hal_msp.o" --specs=nano.specs -mfpu=fpv4-sp-d16 -mfloat-abi=hard -mthumb -o "Core/Src/stm32g4xx_hal_msp.o"
arm-none-eabi-gcc "../Core/Src/stm32g4xx_it.c" -mcpu=cortex-m4 -std=gnu11 -g3 -DDEBUG -DUSE_HAL_DRIVER -DSTM32G431xx -c -I../Core/Inc -I../Drivers/STM32G4xx_HAL_Driver/Inc -I../Drivers/STM32G4xx_HAL_Driver/Inc/Legacy -I../Drivers/CMSIS/Device/ST/STM32G4xx/Include -I../Drivers/CMSIS/Include -I"D:/mcu/stm32g4_uart2fdcan/firmware/uart2fdcan/App/hw" -I"D:/mcu/stm32g4_uart2fdcan/firmware/uart2fdcan/App/common/hw" -I"D:/mcu/stm32g4_uart2fdcan/firmware/uart2fdcan/App/common/hw/include" -I"D:/mcu/stm32g4_uart2fdcan/firmware/uart2fdcan/App/common" -I"D:/mcu/stm32g4_uart2fdcan/firmware/uart2fdcan/App/common/core" -I"D:/mcu/stm32g4_uart2fdcan/firmware/uart2fdcan/App/ap" -I"D:/mcu/stm32g4_uart2fdcan/firmware/uart2fdcan/App/bsp" -O0 -ffunction-sections -fdata-sections -Wall -fstack-usage -fcyclomatic-complexity -MMD -MP -MF"Core/Src/stm32g4xx_it.d" -MT"Core/Src/stm32g4xx_it.o" --specs=nano.specs -mfpu=fpv4-sp-d16 -mfloat-abi=hard -mthumb -o "Core/Src/stm32g4xx_it.o"
arm-none-eabi-gcc "../Core/Src/syscalls.c" -mcpu=cortex-m4 -std=gnu11 -g3 -DDEBUG -DUSE_HAL_DRIVER -DSTM32G431xx -c -I../Core/Inc -I../Drivers/STM32G4xx_HAL_Driver/Inc -I../Drivers/STM32G4xx_HAL_Driver/Inc/Legacy -I../Drivers/CMSIS/Device/ST/STM32G4xx/Include -I../Drivers/CMSIS/Include -I"D:/mcu/stm32g4_uart2fdcan/firmware/uart2fdcan/App/hw" -I"D:/mcu/stm32g4_uart2fdcan/firmware/uart2fdcan/App/common/hw" -I"D:/mcu/stm32g4_uart2fdcan/firmware/uart2fdcan/App/common/hw/include" -I"D:/mcu/stm32g4_uart2fdcan/firmware/uart2fdcan/App/common" -I"D:/mcu/stm32g4_uart2fdcan/firmware/uart2fdcan/App/common/core" -I"D:/mcu/stm32g4_uart2fdcan/firmware/uart2fdcan/App/ap" -I"D:/mcu/stm32g4_uart2fdcan/firmware/uart2fdcan/App/bsp" -O0 -ffunction-sections -fdata-sections -Wall -fstack-usage -fcyclomatic-complexity -MMD -MP -MF"Core/Src/syscalls.d" -MT"Core/Src/syscalls.o" --specs=nano.specs -mfpu=fpv4-sp-d16 -mfloat-abi=hard -mthumb -o "Core/Src/syscalls.o"
arm-none-eabi-gcc "../Core/Src/sysmem.c" -mcpu=cortex-m4 -std=gnu11 -g3 -DDEBUG -DUSE_HAL_DRIVER -DSTM32G431xx -c -I../Core/Inc -I../Drivers/STM32G4xx_HAL_Driver/Inc -I../Drivers/STM32G4xx_HAL_Driver/Inc/Legacy -I../Drivers/CMSIS/Device/ST/STM32G4xx/Include -I../Drivers/CMSIS/Include -I"D:/mcu/stm32g4_uart2fdcan/firmware/uart2fdcan/App/hw" -I"D:/mcu/stm32g4_uart2fdcan/firmware/uart2fdcan/App/common/hw" -I"D:/mcu/stm32g4_uart2fdcan/firmware/uart2fdcan/App/common/hw/include" -I"D:/mcu/stm32g4_uart2fdcan/firmware/uart2fdcan/App/common" -I"D:/mcu/stm32g4_uart2fdcan/firmware/uart2fdcan/App/common/core" -I"D:/mcu/stm32g4_uart2fdcan/firmware/uart2fdcan/App/ap" -I"D:/mcu/stm32g4_uart2fdcan/firmware/uart2fdcan/App/bsp" -O0 -ffunction-sections -fdata-sections -Wall -fstack-usage -fcyclomatic-complexity -MMD -MP -MF"Core/Src/sysmem.d" -MT"Core/Src/sysmem.o" --specs=nano.specs -mfpu=fpv4-sp-d16 -mfloat-abi=hard -mthumb -o "Core/Src/sysmem.o"
arm-none-eabi-gcc "../Core/Src/system_stm32g4xx.c" -mcpu=cortex-m4 -std=gnu11 -g3 -DDEBUG -DUSE_HAL_DRIVER -DSTM32G431xx -c -I../Core/Inc -I../Drivers/STM32G4xx_HAL_Driver/Inc -I../Drivers/STM32G4xx_HAL_Driver/Inc/Legacy -I../Drivers/CMSIS/Device/ST/STM32G4xx/Include -I../Drivers/CMSIS/Include -I"D:/mcu/stm32g4_uart2fdcan/firmware/uart2fdcan/App/hw" -I"D:/mcu/stm32g4_uart2fdcan/firmware/uart2fdcan/App/common/hw" -I"D:/mcu/stm32g4_uart2fdcan/firmware/uart2fdcan/App/common/hw/include" -I"D:/mcu/stm32g4_uart2fdcan/firmware/uart2fdcan/App/common" -I"D:/mcu/stm32g4_uart2fdcan/firmware/uart2fdcan/App/common/core" -I"D:/mcu/stm32g4_uart2fdcan/firmware/uart2fdcan/App/ap" -I"D:/mcu/stm32g4_uart2fdcan/firmware/uart2fdcan/App/bsp" -O0 -ffunction-sections -fdata-sections -Wall -fstack-usage -fcyclomatic-complexity -MMD -MP -MF"Core/Src/system_stm32g4xx.d" -MT"Core/Src/system_stm32g4xx.o" --specs=nano.specs -mfpu=fpv4-sp-d16 -mfloat-abi=hard -mthumb -o "Core/Src/system_stm32g4xx.o"
arm-none-eabi-gcc "../App/hw/driver/touch/ak4183.c" -mcpu=cortex-m4 -std=gnu11 -g3 -DDEBUG -DUSE_HAL_DRIVER -DSTM32G431xx -c -I../Core/Inc -I../Drivers/STM32G4xx_HAL_Driver/Inc -I../Drivers/STM32G4xx_HAL_Driver/Inc/Legacy -I../Drivers/CMSIS/Device/ST/STM32G4xx/Include -I../Drivers/CMSIS/Include -I"D:/mcu/stm32g4_uart2fdcan/firmware/uart2fdcan/App/hw" -I"D:/mcu/stm32g4_uart2fdcan/firmware/uart2fdcan/App/common/hw" -I"D:/mcu/stm32g4_uart2fdcan/firmware/uart2fdcan/App/common/hw/include" -I"D:/mcu/stm32g4_uart2fdcan/firmware/uart2fdcan/App/common" -I"D:/mcu/stm32g4_uart2fdcan/firmware/uart2fdcan/App/common/core" -I"D:/mcu/stm32g4_uart2fdcan/firmware/uart2fdcan/App/ap" -I"D:/mcu/stm32g4_uart2fdcan/firmware/uart2fdcan/App/bsp" -O0 -ffunction-sections -fdata-sections -Wall -fstack-usage -fcyclomatic-complexity -MMD -MP -MF"App/hw/driver/touch/ak4183.d" -MT"App/hw/driver/touch/ak4183.o" --specs=nano.specs -mfpu=fpv4-sp-d16 -mfloat-abi=hard -mthumb -o "App/hw/driver/touch/ak4183.o"
arm-none-eabi-gcc "../App/hw/driver/touch/ft5206.c" -mcpu=cortex-m4 -std=gnu11 -g3 -DDEBUG -DUSE_HAL_DRIVER -DSTM32G431xx -c -I../Core/Inc -I../Drivers/STM32G4xx_HAL_Driver/Inc -I../Drivers/STM32G4xx_HAL_Driver/Inc/Legacy -I../Drivers/CMSIS/Device/ST/STM32G4xx/Include -I../Drivers/CMSIS/Include -I"D:/mcu/stm32g4_uart2fdcan/firmware/uart2fdcan/App/hw" -I"D:/mcu/stm32g4_uart2fdcan/firmware/uart2fdcan/App/common/hw" -I"D:/mcu/stm32g4_uart2fdcan/firmware/uart2fdcan/App/common/hw/include" -I"D:/mcu/stm32g4_uart2fdcan/firmware/uart2fdcan/App/common" -I"D:/mcu/stm32g4_uart2fdcan/firmware/uart2fdcan/App/common/core" -I"D:/mcu/stm32g4_uart2fdcan/firmware/uart2fdcan/App/ap" -I"D:/mcu/stm32g4_uart2fdcan/firmware/uart2fdcan/App/bsp" -O0 -ffunction-sections -fdata-sections -Wall -fstack-usage -fcyclomatic-complexity -MMD -MP -MF"App/hw/driver/touch/ft5206.d" -MT"App/hw/driver/touch/ft5206.o" --specs=nano.specs -mfpu=fpv4-sp-d16 -mfloat-abi=hard -mthumb -o "App/hw/driver/touch/ft5206.o"
arm-none-eabi-gcc "../App/hw/driver/touch/ft5316.c" -mcpu=cortex-m4 -std=gnu11 -g3 -DDEBUG -DUSE_HAL_DRIVER -DSTM32G431xx -c -I../Core/Inc -I../Drivers/STM32G4xx_HAL_Driver/Inc -I../Drivers/STM32G4xx_HAL_Driver/Inc/Legacy -I../Drivers/CMSIS/Device/ST/STM32G4xx/Include -I../Drivers/CMSIS/Include -I"D:/mcu/stm32g4_uart2fdcan/firmware/uart2fdcan/App/hw" -I"D:/mcu/stm32g4_uart2fdcan/firmware/uart2fdcan/App/common/hw" -I"D:/mcu/stm32g4_uart2fdcan/firmware/uart2fdcan/App/common/hw/include" -I"D:/mcu/stm32g4_uart2fdcan/firmware/uart2fdcan/App/common" -I"D:/mcu/stm32g4_uart2fdcan/firmware/uart2fdcan/App/common/core" -I"D:/mcu/stm32g4_uart2fdcan/firmware/uart2fdcan/App/ap" -I"D:/mcu/stm32g4_uart2fdcan/firmware/uart2fdcan/App/bsp" -O0 -ffunction-sections -fdata-sections -Wall -fstack-usage -fcyclomatic-complexity -MMD -MP -MF"App/hw/driver/touch/ft5316.d" -MT"App/hw/driver/touch/ft5316.o" --specs=nano.specs -mfpu=fpv4-sp-d16 -mfloat-abi=hard -mthumb -o "App/hw/driver/touch/ft5316.o"
arm-none-eabi-gcc "../App/hw/driver/touch/gt911.c" -mcpu=cortex-m4 -std=gnu11 -g3 -DDEBUG -DUSE_HAL_DRIVER -DSTM32G431xx -c -I../Core/Inc -I../Drivers/STM32G4xx_HAL_Driver/Inc -I../Drivers/STM32G4xx_HAL_Driver/Inc/Legacy -I../Drivers/CMSIS/Device/ST/STM32G4xx/Include -I../Drivers/CMSIS/Include -I"D:/mcu/stm32g4_uart2fdcan/firmware/uart2fdcan/App/hw" -I"D:/mcu/stm32g4_uart2fdcan/firmware/uart2fdcan/App/common/hw" -I"D:/mcu/stm32g4_uart2fdcan/firmware/uart2fdcan/App/common/hw/include" -I"D:/mcu/stm32g4_uart2fdcan/firmware/uart2fdcan/App/common" -I"D:/mcu/stm32g4_uart2fdcan/firmware/uart2fdcan/App/common/core" -I"D:/mcu/stm32g4_uart2fdcan/firmware/uart2fdcan/App/ap" -I"D:/mcu/stm32g4_uart2fdcan/firmware/uart2fdcan/App/bsp" -O0 -ffunction-sections -fdata-sections -Wall -fstack-usage -fcyclomatic-complexity -MMD -MP -MF"App/hw/driver/touch/gt911.d" -MT"App/hw/driver/touch/gt911.o" --specs=nano.specs -mfpu=fpv4-sp-d16 -mfloat-abi=hard -mthumb -o "App/hw/driver/touch/gt911.o"
arm-none-eabi-gcc "../App/hw/driver/button.c" -mcpu=cortex-m4 -std=gnu11 -g3 -DDEBUG -DUSE_HAL_DRIVER -DSTM32G431xx -c -I../Core/Inc -I../Drivers/STM32G4xx_HAL_Driver/Inc -I../Drivers/STM32G4xx_HAL_Driver/Inc/Legacy -I../Drivers/CMSIS/Device/ST/STM32G4xx/Include -I../Drivers/CMSIS/Include -I"D:/mcu/stm32g4_uart2fdcan/firmware/uart2fdcan/App/hw" -I"D:/mcu/stm32g4_uart2fdcan/firmware/uart2fdcan/App/common/hw" -I"D:/mcu/stm32g4_uart2fdcan/firmware/uart2fdcan/App/common/hw/include" -I"D:/mcu/stm32g4_uart2fdcan/firmware/uart2fdcan/App/common" -I"D:/mcu/stm32g4_uart2fdcan/firmware/uart2fdcan/App/common/core" -I"D:/mcu/stm32g4_uart2fdcan/firmware/uart2fdcan/App/ap" -I"D:/mcu/stm32g4_uart2fdcan/firmware/uart2fdcan/App/bsp" -O0 -ffunction-sections -fdata-sections -Wall -fstack-usage -fcyclomatic-complexity -MMD -MP -MF"App/hw/driver/button.d" -MT"App/hw/driver/button.o" --specs=nano.specs -mfpu=fpv4-sp-d16 -mfloat-abi=hard -mthumb -o "App/hw/driver/button.o"
arm-none-eabi-gcc "../App/hw/driver/can.c" -mcpu=cortex-m4 -std=gnu11 -g3 -DDEBUG -DUSE_HAL_DRIVER -DSTM32G431xx -c -I../Core/Inc -I../Drivers/STM32G4xx_HAL_Driver/Inc -I../Drivers/STM32G4xx_HAL_Driver/Inc/Legacy -I../Drivers/CMSIS/Device/ST/STM32G4xx/Include -I../Drivers/CMSIS/Include -I"D:/mcu/stm32g4_uart2fdcan/firmware/uart2fdcan/App/hw" -I"D:/mcu/stm32g4_uart2fdcan/firmware/uart2fdcan/App/common/hw" -I"D:/mcu/stm32g4_uart2fdcan/firmware/uart2fdcan/App/common/hw/include" -I"D:/mcu/stm32g4_uart2fdcan/firmware/uart2fdcan/App/common" -I"D:/mcu/stm32g4_uart2fdcan/firmware/uart2fdcan/App/common/core" -I"D:/mcu/stm32g4_uart2fdcan/firmware/uart2fdcan/App/ap" -I"D:/mcu/stm32g4_uart2fdcan/firmware/uart2fdcan/App/bsp" -O0 -ffunction-sections -fdata-sections -Wall -fstack-usage -fcyclomatic-complexity -MMD -MP -MF"App/hw/driver/can.d" -MT"App/hw/driver/can.o" --specs=nano.specs -mfpu=fpv4-sp-d16 -mfloat-abi=hard -mthumb -o "App/hw/driver/can.o"
arm-none-eabi-gcc "../App/hw/driver/eeprom.c" -mcpu=cortex-m4 -std=gnu11 -g3 -DDEBUG -DUSE_HAL_DRIVER -DSTM32G431xx -c -I../Core/Inc -I../Drivers/STM32G4xx_HAL_Driver/Inc -I../Drivers/STM32G4xx_HAL_Driver/Inc/Legacy -I../Drivers/CMSIS/Device/ST/STM32G4xx/Include -I../Drivers/CMSIS/Include -I"D:/mcu/stm32g4_uart2fdcan/firmware/uart2fdcan/App/hw" -I"D:/mcu/stm32g4_uart2fdcan/firmware/uart2fdcan/App/common/hw" -I"D:/mcu/stm32g4_uart2fdcan/firmware/uart2fdcan/App/common/hw/include" -I"D:/mcu/stm32g4_uart2fdcan/firmware/uart2fdcan/App/common" -I"D:/mcu/stm32g4_uart2fdcan/firmware/uart2fdcan/App/common/core" -I"D:/mcu/stm32g4_uart2fdcan/firmware/uart2fdcan/App/ap" -I"D:/mcu/stm32g4_uart2fdcan/firmware/uart2fdcan/App/bsp" -O0 -ffunction-sections -fdata-sections -Wall -fstack-usage -fcyclomatic-complexity -MMD -MP -MF"App/hw/driver/eeprom.d" -MT"App/hw/driver/eeprom.o" --specs=nano.specs -mfpu=fpv4-sp-d16 -mfloat-abi=hard -mthumb -o "App/hw/driver/eeprom.o"
arm-none-eabi-gcc "../App/hw/driver/fatfs.c" -mcpu=cortex-m4 -std=gnu11 -g3 -DDEBUG -DUSE_HAL_DRIVER -DSTM32G431xx -c -I../Core/Inc -I../Drivers/STM32G4xx_HAL_Driver/Inc -I../Drivers/STM32G4xx_HAL_Driver/Inc/Legacy -I../Drivers/CMSIS/Device/ST/STM32G4xx/Include -I../Drivers/CMSIS/Include -I"D:/mcu/stm32g4_uart2fdcan/firmware/uart2fdcan/App/hw" -I"D:/mcu/stm32g4_uart2fdcan/firmware/uart2fdcan/App/common/hw" -I"D:/mcu/stm32g4_uart2fdcan/firmware/uart2fdcan/App/common/hw/include" -I"D:/mcu/stm32g4_uart2fdcan/firmware/uart2fdcan/App/common" -I"D:/mcu/stm32g4_uart2fdcan/firmware/uart2fdcan/App/common/core" -I"D:/mcu/stm32g4_uart2fdcan/firmware/uart2fdcan/App/ap" -I"D:/mcu/stm32g4_uart2fdcan/firmware/uart2fdcan/App/bsp" -O0 -ffunction-sections -fdata-sections -Wall -fstack-usage -fcyclomatic-complexity -MMD -MP -MF"App/hw/driver/fatfs.d" -MT"App/hw/driver/fatfs.o" --specs=nano.specs -mfpu=fpv4-sp-d16 -mfloat-abi=hard -mthumb -o "App/hw/driver/fatfs.o"
arm-none-eabi-gcc "../App/hw/driver/files.c" -mcpu=cortex-m4 -std=gnu11 -g3 -DDEBUG -DUSE_HAL_DRIVER -DSTM32G431xx -c -I../Core/Inc -I../Drivers/STM32G4xx_HAL_Driver/Inc -I../Drivers/STM32G4xx_HAL_Driver/Inc/Legacy -I../Drivers/CMSIS/Device/ST/STM32G4xx/Include -I../Drivers/CMSIS/Include -I"D:/mcu/stm32g4_uart2fdcan/firmware/uart2fdcan/App/hw" -I"D:/mcu/stm32g4_uart2fdcan/firmware/uart2fdcan/App/common/hw" -I"D:/mcu/stm32g4_uart2fdcan/firmware/uart2fdcan/App/common/hw/include" -I"D:/mcu/stm32g4_uart2fdcan/firmware/uart2fdcan/App/common" -I"D:/mcu/stm32g4_uart2fdcan/firmware/uart2fdcan/App/common/core" -I"D:/mcu/stm32g4_uart2fdcan/firmware/uart2fdcan/App/ap" -I"D:/mcu/stm32g4_uart2fdcan/firmware/uart2fdcan/App/bsp" -O0 -ffunction-sections -fdata-sections -Wall -fstack-usage -fcyclomatic-complexity -MMD -MP -MF"App/hw/driver/files.d" -MT"App/hw/driver/files.o" --specs=nano.specs -mfpu=fpv4-sp-d16 -mfloat-abi=hard -mthumb -o "App/hw/driver/files.o"
arm-none-eabi-gcc "../App/hw/driver/flash.c" -mcpu=cortex-m4 -std=gnu11 -g3 -DDEBUG -DUSE_HAL_DRIVER -DSTM32G431xx -c -I../Core/Inc -I../Drivers/STM32G4xx_HAL_Driver/Inc -I../Drivers/STM32G4xx_HAL_Driver/Inc/Legacy -I../Drivers/CMSIS/Device/ST/STM32G4xx/Include -I../Drivers/CMSIS/Include -I"D:/mcu/stm32g4_uart2fdcan/firmware/uart2fdcan/App/hw" -I"D:/mcu/stm32g4_uart2fdcan/firmware/uart2fdcan/App/common/hw" -I"D:/mcu/stm32g4_uart2fdcan/firmware/uart2fdcan/App/common/hw/include" -I"D:/mcu/stm32g4_uart2fdcan/firmware/uart2fdcan/App/common" -I"D:/mcu/stm32g4_uart2fdcan/firmware/uart2fdcan/App/common/core" -I"D:/mcu/stm32g4_uart2fdcan/firmware/uart2fdcan/App/ap" -I"D:/mcu/stm32g4_uart2fdcan/firmware/uart2fdcan/App/bsp" -O0 -ffunction-sections -fdata-sections -Wall -fstack-usage -fcyclomatic-complexity -MMD -MP -MF"App/hw/driver/flash.d" -MT"App/hw/driver/flash.o" --specs=nano.specs -mfpu=fpv4-sp-d16 -mfloat-abi=hard -mthumb -o "App/hw/driver/flash.o"
arm-none-eabi-gcc "../App/hw/driver/gpio.c" -mcpu=cortex-m4 -std=gnu11 -g3 -DDEBUG -DUSE_HAL_DRIVER -DSTM32G431xx -c -I../Core/Inc -I../Drivers/STM32G4xx_HAL_Driver/Inc -I../Drivers/STM32G4xx_HAL_Driver/Inc/Legacy -I../Drivers/CMSIS/Device/ST/STM32G4xx/Include -I../Drivers/CMSIS/Include -I"D:/mcu/stm32g4_uart2fdcan/firmware/uart2fdcan/App/hw" -I"D:/mcu/stm32g4_uart2fdcan/firmware/uart2fdcan/App/common/hw" -I"D:/mcu/stm32g4_uart2fdcan/firmware/uart2fdcan/App/common/hw/include" -I"D:/mcu/stm32g4_uart2fdcan/firmware/uart2fdcan/App/common" -I"D:/mcu/stm32g4_uart2fdcan/firmware/uart2fdcan/App/common/core" -I"D:/mcu/stm32g4_uart2fdcan/firmware/uart2fdcan/App/ap" -I"D:/mcu/stm32g4_uart2fdcan/firmware/uart2fdcan/App/bsp" -O0 -ffunction-sections -fdata-sections -Wall -fstack-usage -fcyclomatic-complexity -MMD -MP -MF"App/hw/driver/gpio.d" -MT"App/hw/driver/gpio.o" --specs=nano.specs -mfpu=fpv4-sp-d16 -mfloat-abi=hard -mthumb -o "App/hw/driver/gpio.o"
arm-none-eabi-gcc "../App/hw/driver/i2c.c" -mcpu=cortex-m4 -std=gnu11 -g3 -DDEBUG -DUSE_HAL_DRIVER -DSTM32G431xx -c -I../Core/Inc -I../Drivers/STM32G4xx_HAL_Driver/Inc -I../Drivers/STM32G4xx_HAL_Driver/Inc/Legacy -I../Drivers/CMSIS/Device/ST/STM32G4xx/Include -I../Drivers/CMSIS/Include -I"D:/mcu/stm32g4_uart2fdcan/firmware/uart2fdcan/App/hw" -I"D:/mcu/stm32g4_uart2fdcan/firmware/uart2fdcan/App/common/hw" -I"D:/mcu/stm32g4_uart2fdcan/firmware/uart2fdcan/App/common/hw/include" -I"D:/mcu/stm32g4_uart2fdcan/firmware/uart2fdcan/App/common" -I"D:/mcu/stm32g4_uart2fdcan/firmware/uart2fdcan/App/common/core" -I"D:/mcu/stm32g4_uart2fdcan/firmware/uart2fdcan/App/ap" -I"D:/mcu/stm32g4_uart2fdcan/firmware/uart2fdcan/App/bsp" -O0 -ffunction-sections -fdata-sections -Wall -fstack-usage -fcyclomatic-complexity -MMD -MP -MF"App/hw/driver/i2c.d" -MT"App/hw/driver/i2c.o" --specs=nano.specs -mfpu=fpv4-sp-d16 -mfloat-abi=hard -mthumb -o "App/hw/driver/i2c.o"
arm-none-eabi-gcc "../App/hw/driver/led.c" -mcpu=cortex-m4 -std=gnu11 -g3 -DDEBUG -DUSE_HAL_DRIVER -DSTM32G431xx -c -I../Core/Inc -I../Drivers/STM32G4xx_HAL_Driver/Inc -I../Drivers/STM32G4xx_HAL_Driver/Inc/Legacy -I../Drivers/CMSIS/Device/ST/STM32G4xx/Include -I../Drivers/CMSIS/Include -I"D:/mcu/stm32g4_uart2fdcan/firmware/uart2fdcan/App/hw" -I"D:/mcu/stm32g4_uart2fdcan/firmware/uart2fdcan/App/common/hw" -I"D:/mcu/stm32g4_uart2fdcan/firmware/uart2fdcan/App/common/hw/include" -I"D:/mcu/stm32g4_uart2fdcan/firmware/uart2fdcan/App/common" -I"D:/mcu/stm32g4_uart2fdcan/firmware/uart2fdcan/App/common/core" -I"D:/mcu/stm32g4_uart2fdcan/firmware/uart2fdcan/App/ap" -I"D:/mcu/stm32g4_uart2fdcan/firmware/uart2fdcan/App/bsp" -O0 -ffunction-sections -fdata-sections -Wall -fstack-usage -fcyclomatic-complexity -MMD -MP -MF"App/hw/driver/led.d" -MT"App/hw/driver/led.o" --specs=nano.specs -mfpu=fpv4-sp-d16 -mfloat-abi=hard -mthumb -o "App/hw/driver/led.o"
arm-none-eabi-gcc "../App/hw/driver/log.c" -mcpu=cortex-m4 -std=gnu11 -g3 -DDEBUG -DUSE_HAL_DRIVER -DSTM32G431xx -c -I../Core/Inc -I../Drivers/STM32G4xx_HAL_Driver/Inc -I../Drivers/STM32G4xx_HAL_Driver/Inc/Legacy -I../Drivers/CMSIS/Device/ST/STM32G4xx/Include -I../Drivers/CMSIS/Include -I"D:/mcu/stm32g4_uart2fdcan/firmware/uart2fdcan/App/hw" -I"D:/mcu/stm32g4_uart2fdcan/firmware/uart2fdcan/App/common/hw" -I"D:/mcu/stm32g4_uart2fdcan/firmware/uart2fdcan/App/common/hw/include" -I"D:/mcu/stm32g4_uart2fdcan/firmware/uart2fdcan/App/common" -I"D:/mcu/stm32g4_uart2fdcan/firmware/uart2fdcan/App/common/core" -I"D:/mcu/stm32g4_uart2fdcan/firmware/uart2fdcan/App/ap" -I"D:/mcu/stm32g4_uart2fdcan/firmware/uart2fdcan/App/bsp" -O0 -ffunction-sections -fdata-sections -Wall -fstack-usage -fcyclomatic-complexity -MMD -MP -MF"App/hw/driver/log.d" -MT"App/hw/driver/log.o" --specs=nano.specs -mfpu=fpv4-sp-d16 -mfloat-abi=hard -mthumb -o "App/hw/driver/log.o"
arm-none-eabi-gcc "../App/hw/driver/pwm.c" -mcpu=cortex-m4 -std=gnu11 -g3 -DDEBUG -DUSE_HAL_DRIVER -DSTM32G431xx -c -I../Core/Inc -I../Drivers/STM32G4xx_HAL_Driver/Inc -I../Drivers/STM32G4xx_HAL_Driver/Inc/Legacy -I../Drivers/CMSIS/Device/ST/STM32G4xx/Include -I../Drivers/CMSIS/Include -I"D:/mcu/stm32g4_uart2fdcan/firmware/uart2fdcan/App/hw" -I"D:/mcu/stm32g4_uart2fdcan/firmware/uart2fdcan/App/common/hw" -I"D:/mcu/stm32g4_uart2fdcan/firmware/uart2fdcan/App/common/hw/include" -I"D:/mcu/stm32g4_uart2fdcan/firmware/uart2fdcan/App/common" -I"D:/mcu/stm32g4_uart2fdcan/firmware/uart2fdcan/App/common/core" -I"D:/mcu/stm32g4_uart2fdcan/firmware/uart2fdcan/App/ap" -I"D:/mcu/stm32g4_uart2fdcan/firmware/uart2fdcan/App/bsp" -O0 -ffunction-sections -fdata-sections -Wall -fstack-usage -fcyclomatic-complexity -MMD -MP -MF"App/hw/driver/pwm.d" -MT"App/hw/driver/pwm.o" --specs=nano.specs -mfpu=fpv4-sp-d16 -mfloat-abi=hard -mthumb -o "App/hw/driver/pwm.o"
arm-none-eabi-gcc "../App/hw/driver/qspi.c" -mcpu=cortex-m4 -std=gnu11 -g3 -DDEBUG -DUSE_HAL_DRIVER -DSTM32G431xx -c -I../Core/Inc -I../Drivers/STM32G4xx_HAL_Driver/Inc -I../Drivers/STM32G4xx_HAL_Driver/Inc/Legacy -I../Drivers/CMSIS/Device/ST/STM32G4xx/Include -I../Drivers/CMSIS/Include -I"D:/mcu/stm32g4_uart2fdcan/firmware/uart2fdcan/App/hw" -I"D:/mcu/stm32g4_uart2fdcan/firmware/uart2fdcan/App/common/hw" -I"D:/mcu/stm32g4_uart2fdcan/firmware/uart2fdcan/App/common/hw/include" -I"D:/mcu/stm32g4_uart2fdcan/firmware/uart2fdcan/App/common" -I"D:/mcu/stm32g4_uart2fdcan/firmware/uart2fdcan/App/common/core" -I"D:/mcu/stm32g4_uart2fdcan/firmware/uart2fdcan/App/ap" -I"D:/mcu/stm32g4_uart2fdcan/firmware/uart2fdcan/App/bsp" -O0 -ffunction-sections -fdata-sections -Wall -fstack-usage -fcyclomatic-complexity -MMD -MP -MF"App/hw/driver/qspi.d" -MT"App/hw/driver/qspi.o" --specs=nano.specs -mfpu=fpv4-sp-d16 -mfloat-abi=hard -mthumb -o "App/hw/driver/qspi.o"
arm-none-eabi-gcc "../App/hw/driver/reset.c" -mcpu=cortex-m4 -std=gnu11 -g3 -DDEBUG -DUSE_HAL_DRIVER -DSTM32G431xx -c -I../Core/Inc -I../Drivers/STM32G4xx_HAL_Driver/Inc -I../Drivers/STM32G4xx_HAL_Driver/Inc/Legacy -I../Drivers/CMSIS/Device/ST/STM32G4xx/Include -I../Drivers/CMSIS/Include -I"D:/mcu/stm32g4_uart2fdcan/firmware/uart2fdcan/App/hw" -I"D:/mcu/stm32g4_uart2fdcan/firmware/uart2fdcan/App/common/hw" -I"D:/mcu/stm32g4_uart2fdcan/firmware/uart2fdcan/App/common/hw/include" -I"D:/mcu/stm32g4_uart2fdcan/firmware/uart2fdcan/App/common" -I"D:/mcu/stm32g4_uart2fdcan/firmware/uart2fdcan/App/common/core" -I"D:/mcu/stm32g4_uart2fdcan/firmware/uart2fdcan/App/ap" -I"D:/mcu/stm32g4_uart2fdcan/firmware/uart2fdcan/App/bsp" -O0 -ffunction-sections -fdata-sections -Wall -fstack-usage -fcyclomatic-complexity -MMD -MP -MF"App/hw/driver/reset.d" -MT"App/hw/driver/reset.o" --specs=nano.specs -mfpu=fpv4-sp-d16 -mfloat-abi=hard -mthumb -o "App/hw/driver/reset.o"
arm-none-eabi-gcc "../App/hw/driver/rtc.c" -mcpu=cortex-m4 -std=gnu11 -g3 -DDEBUG -DUSE_HAL_DRIVER -DSTM32G431xx -c -I../Core/Inc -I../Drivers/STM32G4xx_HAL_Driver/Inc -I../Drivers/STM32G4xx_HAL_Driver/Inc/Legacy -I../Drivers/CMSIS/Device/ST/STM32G4xx/Include -I../Drivers/CMSIS/Include -I"D:/mcu/stm32g4_uart2fdcan/firmware/uart2fdcan/App/hw" -I"D:/mcu/stm32g4_uart2fdcan/firmware/uart2fdcan/App/common/hw" -I"D:/mcu/stm32g4_uart2fdcan/firmware/uart2fdcan/App/common/hw/include" -I"D:/mcu/stm32g4_uart2fdcan/firmware/uart2fdcan/App/common" -I"D:/mcu/stm32g4_uart2fdcan/firmware/uart2fdcan/App/common/core" -I"D:/mcu/stm32g4_uart2fdcan/firmware/uart2fdcan/App/ap" -I"D:/mcu/stm32g4_uart2fdcan/firmware/uart2fdcan/App/bsp" -O0 -ffunction-sections -fdata-sections -Wall -fstack-usage -fcyclomatic-complexity -MMD -MP -MF"App/hw/driver/rtc.d" -MT"App/hw/driver/rtc.o" --specs=nano.specs -mfpu=fpv4-sp-d16 -mfloat-abi=hard -mthumb -o "App/hw/driver/rtc.o"
arm-none-eabi-gcc "../App/hw/driver/sdram.c" -mcpu=cortex-m4 -std=gnu11 -g3 -DDEBUG -DUSE_HAL_DRIVER -DSTM32G431xx -c -I../Core/Inc -I../Drivers/STM32G4xx_HAL_Driver/Inc -I../Drivers/STM32G4xx_HAL_Driver/Inc/Legacy -I../Drivers/CMSIS/Device/ST/STM32G4xx/Include -I../Drivers/CMSIS/Include -I"D:/mcu/stm32g4_uart2fdcan/firmware/uart2fdcan/App/hw" -I"D:/mcu/stm32g4_uart2fdcan/firmware/uart2fdcan/App/common/hw" -I"D:/mcu/stm32g4_uart2fdcan/firmware/uart2fdcan/App/common/hw/include" -I"D:/mcu/stm32g4_uart2fdcan/firmware/uart2fdcan/App/common" -I"D:/mcu/stm32g4_uart2fdcan/firmware/uart2fdcan/App/common/core" -I"D:/mcu/stm32g4_uart2fdcan/firmware/uart2fdcan/App/ap" -I"D:/mcu/stm32g4_uart2fdcan/firmware/uart2fdcan/App/bsp" -O0 -ffunction-sections -fdata-sections -Wall -fstack-usage -fcyclomatic-complexity -MMD -MP -MF"App/hw/driver/sdram.d" -MT"App/hw/driver/sdram.o" --specs=nano.specs -mfpu=fpv4-sp-d16 -mfloat-abi=hard -mthumb -o "App/hw/driver/sdram.o"
arm-none-eabi-gcc "../App/hw/driver/spi.c" -mcpu=cortex-m4 -std=gnu11 -g3 -DDEBUG -DUSE_HAL_DRIVER -DSTM32G431xx -c -I../Core/Inc -I../Drivers/STM32G4xx_HAL_Driver/Inc -I../Drivers/STM32G4xx_HAL_Driver/Inc/Legacy -I../Drivers/CMSIS/Device/ST/STM32G4xx/Include -I../Drivers/CMSIS/Include -I"D:/mcu/stm32g4_uart2fdcan/firmware/uart2fdcan/App/hw" -I"D:/mcu/stm32g4_uart2fdcan/firmware/uart2fdcan/App/common/hw" -I"D:/mcu/stm32g4_uart2fdcan/firmware/uart2fdcan/App/common/hw/include" -I"D:/mcu/stm32g4_uart2fdcan/firmware/uart2fdcan/App/common" -I"D:/mcu/stm32g4_uart2fdcan/firmware/uart2fdcan/App/common/core" -I"D:/mcu/stm32g4_uart2fdcan/firmware/uart2fdcan/App/ap" -I"D:/mcu/stm32g4_uart2fdcan/firmware/uart2fdcan/App/bsp" -O0 -ffunction-sections -fdata-sections -Wall -fstack-usage -fcyclomatic-complexity -MMD -MP -MF"App/hw/driver/spi.d" -MT"App/hw/driver/spi.o" --specs=nano.specs -mfpu=fpv4-sp-d16 -mfloat-abi=hard -mthumb -o "App/hw/driver/spi.o"
arm-none-eabi-gcc "../App/hw/driver/spi_flash.c" -mcpu=cortex-m4 -std=gnu11 -g3 -DDEBUG -DUSE_HAL_DRIVER -DSTM32G431xx -c -I../Core/Inc -I../Drivers/STM32G4xx_HAL_Driver/Inc -I../Drivers/STM32G4xx_HAL_Driver/Inc/Legacy -I../Drivers/CMSIS/Device/ST/STM32G4xx/Include -I../Drivers/CMSIS/Include -I"D:/mcu/stm32g4_uart2fdcan/firmware/uart2fdcan/App/hw" -I"D:/mcu/stm32g4_uart2fdcan/firmware/uart2fdcan/App/common/hw" -I"D:/mcu/stm32g4_uart2fdcan/firmware/uart2fdcan/App/common/hw/include" -I"D:/mcu/stm32g4_uart2fdcan/firmware/uart2fdcan/App/common" -I"D:/mcu/stm32g4_uart2fdcan/firmware/uart2fdcan/App/common/core" -I"D:/mcu/stm32g4_uart2fdcan/firmware/uart2fdcan/App/ap" -I"D:/mcu/stm32g4_uart2fdcan/firmware/uart2fdcan/App/bsp" -O0 -ffunction-sections -fdata-sections -Wall -fstack-usage -fcyclomatic-complexity -MMD -MP -MF"App/hw/driver/spi_flash.d" -MT"App/hw/driver/spi_flash.o" --specs=nano.specs -mfpu=fpv4-sp-d16 -mfloat-abi=hard -mthumb -o "App/hw/driver/spi_flash.o"
arm-none-eabi-gcc "../App/hw/driver/swtimer.c" -mcpu=cortex-m4 -std=gnu11 -g3 -DDEBUG -DUSE_HAL_DRIVER -DSTM32G431xx -c -I../Core/Inc -I../Drivers/STM32G4xx_HAL_Driver/Inc -I../Drivers/STM32G4xx_HAL_Driver/Inc/Legacy -I../Drivers/CMSIS/Device/ST/STM32G4xx/Include -I../Drivers/CMSIS/Include -I"D:/mcu/stm32g4_uart2fdcan/firmware/uart2fdcan/App/hw" -I"D:/mcu/stm32g4_uart2fdcan/firmware/uart2fdcan/App/common/hw" -I"D:/mcu/stm32g4_uart2fdcan/firmware/uart2fdcan/App/common/hw/include" -I"D:/mcu/stm32g4_uart2fdcan/firmware/uart2fdcan/App/common" -I"D:/mcu/stm32g4_uart2fdcan/firmware/uart2fdcan/App/common/core" -I"D:/mcu/stm32g4_uart2fdcan/firmware/uart2fdcan/App/ap" -I"D:/mcu/stm32g4_uart2fdcan/firmware/uart2fdcan/App/bsp" -O0 -ffunction-sections -fdata-sections -Wall -fstack-usage -fcyclomatic-complexity -MMD -MP -MF"App/hw/driver/swtimer.d" -MT"App/hw/driver/swtimer.o" --specs=nano.specs -mfpu=fpv4-sp-d16 -mfloat-abi=hard -mthumb -o "App/hw/driver/swtimer.o"
arm-none-eabi-gcc "../App/hw/driver/touch.c" -mcpu=cortex-m4 -std=gnu11 -g3 -DDEBUG -DUSE_HAL_DRIVER -DSTM32G431xx -c -I../Core/Inc -I../Drivers/STM32G4xx_HAL_Driver/Inc -I../Drivers/STM32G4xx_HAL_Driver/Inc/Legacy -I../Drivers/CMSIS/Device/ST/STM32G4xx/Include -I../Drivers/CMSIS/Include -I"D:/mcu/stm32g4_uart2fdcan/firmware/uart2fdcan/App/hw" -I"D:/mcu/stm32g4_uart2fdcan/firmware/uart2fdcan/App/common/hw" -I"D:/mcu/stm32g4_uart2fdcan/firmware/uart2fdcan/App/common/hw/include" -I"D:/mcu/stm32g4_uart2fdcan/firmware/uart2fdcan/App/common" -I"D:/mcu/stm32g4_uart2fdcan/firmware/uart2fdcan/App/common/core" -I"D:/mcu/stm32g4_uart2fdcan/firmware/uart2fdcan/App/ap" -I"D:/mcu/stm32g4_uart2fdcan/firmware/uart2fdcan/App/bsp" -O0 -ffunction-sections -fdata-sections -Wall -fstack-usage -fcyclomatic-complexity -MMD -MP -MF"App/hw/driver/touch.d" -MT"App/hw/driver/touch.o" --specs=nano.specs -mfpu=fpv4-sp-d16 -mfloat-abi=hard -mthumb -o "App/hw/driver/touch.o"
arm-none-eabi-gcc "../App/hw/driver/uart.c" -mcpu=cortex-m4 -std=gnu11 -g3 -DDEBUG -DUSE_HAL_DRIVER -DSTM32G431xx -c -I../Core/Inc -I../Drivers/STM32G4xx_HAL_Driver/Inc -I../Drivers/STM32G4xx_HAL_Driver/Inc/Legacy -I../Drivers/CMSIS/Device/ST/STM32G4xx/Include -I../Drivers/CMSIS/Include -I"D:/mcu/stm32g4_uart2fdcan/firmware/uart2fdcan/App/hw" -I"D:/mcu/stm32g4_uart2fdcan/firmware/uart2fdcan/App/common/hw" -I"D:/mcu/stm32g4_uart2fdcan/firmware/uart2fdcan/App/common/hw/include" -I"D:/mcu/stm32g4_uart2fdcan/firmware/uart2fdcan/App/common" -I"D:/mcu/stm32g4_uart2fdcan/firmware/uart2fdcan/App/common/core" -I"D:/mcu/stm32g4_uart2fdcan/firmware/uart2fdcan/App/ap" -I"D:/mcu/stm32g4_uart2fdcan/firmware/uart2fdcan/App/bsp" -O0 -ffunction-sections -fdata-sections -Wall -fstack-usage -fcyclomatic-complexity -MMD -MP -MF"App/hw/driver/uart.d" -MT"App/hw/driver/uart.o" --specs=nano.specs -mfpu=fpv4-sp-d16 -mfloat-abi=hard -mthumb -o "App/hw/driver/uart.o"
arm-none-eabi-gcc "../App/hw/hw.c" -mcpu=cortex-m4 -std=gnu11 -g3 -DDEBUG -DUSE_HAL_DRIVER -DSTM32G431xx -c -I../Core/Inc -I../Drivers/STM32G4xx_HAL_Driver/Inc -I../Drivers/STM32G4xx_HAL_Driver/Inc/Legacy -I../Drivers/CMSIS/Device/ST/STM32G4xx/Include -I../Drivers/CMSIS/Include -I"D:/mcu/stm32g4_uart2fdcan/firmware/uart2fdcan/App/hw" -I"D:/mcu/stm32g4_uart2fdcan/firmware/uart2fdcan/App/common/hw" -I"D:/mcu/stm32g4_uart2fdcan/firmware/uart2fdcan/App/common/hw/include" -I"D:/mcu/stm32g4_uart2fdcan/firmware/uart2fdcan/App/common" -I"D:/mcu/stm32g4_uart2fdcan/firmware/uart2fdcan/App/common/core" -I"D:/mcu/stm32g4_uart2fdcan/firmware/uart2fdcan/App/ap" -I"D:/mcu/stm32g4_uart2fdcan/firmware/uart2fdcan/App/bsp" -O0 -ffunction-sections -fdata-sections -Wall -fstack-usage -fcyclomatic-complexity -MMD -MP -MF"App/hw/hw.d" -MT"App/hw/hw.o" --specs=nano.specs -mfpu=fpv4-sp-d16 -mfloat-abi=hard -mthumb -o "App/hw/hw.o"
arm-none-eabi-gcc "../App/common/hw/src/cli.c" -mcpu=cortex-m4 -std=gnu11 -g3 -DDEBUG -DUSE_HAL_DRIVER -DSTM32G431xx -c -I../Core/Inc -I../Drivers/STM32G4xx_HAL_Driver/Inc -I../Drivers/STM32G4xx_HAL_Driver/Inc/Legacy -I../Drivers/CMSIS/Device/ST/STM32G4xx/Include -I../Drivers/CMSIS/Include -I"D:/mcu/stm32g4_uart2fdcan/firmware/uart2fdcan/App/hw" -I"D:/mcu/stm32g4_uart2fdcan/firmware/uart2fdcan/App/common/hw" -I"D:/mcu/stm32g4_uart2fdcan/firmware/uart2fdcan/App/common/hw/include" -I"D:/mcu/stm32g4_uart2fdcan/firmware/uart2fdcan/App/common" -I"D:/mcu/stm32g4_uart2fdcan/firmware/uart2fdcan/App/common/core" -I"D:/mcu/stm32g4_uart2fdcan/firmware/uart2fdcan/App/ap" -I"D:/mcu/stm32g4_uart2fdcan/firmware/uart2fdcan/App/bsp" -O0 -ffunction-sections -fdata-sections -Wall -fstack-usage -fcyclomatic-complexity -MMD -MP -MF"App/common/hw/src/cli.d" -MT"App/common/hw/src/cli.o" --specs=nano.specs -mfpu=fpv4-sp-d16 -mfloat-abi=hard -mthumb -o "App/common/hw/src/cli.o"
arm-none-eabi-gcc "../App/common/hw/src/cli_gui.c" -mcpu=cortex-m4 -std=gnu11 -g3 -DDEBUG -DUSE_HAL_DRIVER -DSTM32G431xx -c -I../Core/Inc -I../Drivers/STM32G4xx_HAL_Driver/Inc -I../Drivers/STM32G4xx_HAL_Driver/Inc/Legacy -I../Drivers/CMSIS/Device/ST/STM32G4xx/Include -I../Drivers/CMSIS/Include -I"D:/mcu/stm32g4_uart2fdcan/firmware/uart2fdcan/App/hw" -I"D:/mcu/stm32g4_uart2fdcan/firmware/uart2fdcan/App/common/hw" -I"D:/mcu/stm32g4_uart2fdcan/firmware/uart2fdcan/App/common/hw/include" -I"D:/mcu/stm32g4_uart2fdcan/firmware/uart2fdcan/App/common" -I"D:/mcu/stm32g4_uart2fdcan/firmware/uart2fdcan/App/common/core" -I"D:/mcu/stm32g4_uart2fdcan/firmware/uart2fdcan/App/ap" -I"D:/mcu/stm32g4_uart2fdcan/firmware/uart2fdcan/App/bsp" -O0 -ffunction-sections -fdata-sections -Wall -fstack-usage -fcyclomatic-complexity -MMD -MP -MF"App/common/hw/src/cli_gui.d" -MT"App/common/hw/src/cli_gui.o" --specs=nano.specs -mfpu=fpv4-sp-d16 -mfloat-abi=hard -mthumb -o "App/common/hw/src/cli_gui.o"
arm-none-eabi-gcc "../App/common/core/qbuffer.c" -mcpu=cortex-m4 -std=gnu11 -g3 -DDEBUG -DUSE_HAL_DRIVER -DSTM32G431xx -c -I../Core/Inc -I../Drivers/STM32G4xx_HAL_Driver/Inc -I../Drivers/STM32G4xx_HAL_Driver/Inc/Legacy -I../Drivers/CMSIS/Device/ST/STM32G4xx/Include -I../Drivers/CMSIS/Include -I"D:/mcu/stm32g4_uart2fdcan/firmware/uart2fdcan/App/hw" -I"D:/mcu/stm32g4_uart2fdcan/firmware/uart2fdcan/App/common/hw" -I"D:/mcu/stm32g4_uart2fdcan/firmware/uart2fdcan/App/common/hw/include" -I"D:/mcu/stm32g4_uart2fdcan/firmware/uart2fdcan/App/common" -I"D:/mcu/stm32g4_uart2fdcan/firmware/uart2fdcan/App/common/core" -I"D:/mcu/stm32g4_uart2fdcan/firmware/uart2fdcan/App/ap" -I"D:/mcu/stm32g4_uart2fdcan/firmware/uart2fdcan/App/bsp" -O0 -ffunction-sections -fdata-sections -Wall -fstack-usage -fcyclomatic-complexity -MMD -MP -MF"App/common/core/qbuffer.d" -MT"App/common/core/qbuffer.o" --specs=nano.specs -mfpu=fpv4-sp-d16 -mfloat-abi=hard -mthumb -o "App/common/core/qbuffer.o"
arm-none-eabi-gcc "../App/common/core/util.c" -mcpu=cortex-m4 -std=gnu11 -g3 -DDEBUG -DUSE_HAL_DRIVER -DSTM32G431xx -c -I../Core/Inc -I../Drivers/STM32G4xx_HAL_Driver/Inc -I../Drivers/STM32G4xx_HAL_Driver/Inc/Legacy -I../Drivers/CMSIS/Device/ST/STM32G4xx/Include -I../Drivers/CMSIS/Include -I"D:/mcu/stm32g4_uart2fdcan/firmware/uart2fdcan/App/hw" -I"D:/mcu/stm32g4_uart2fdcan/firmware/uart2fdcan/App/common/hw" -I"D:/mcu/stm32g4_uart2fdcan/firmware/uart2fdcan/App/common/hw/include" -I"D:/mcu/stm32g4_uart2fdcan/firmware/uart2fdcan/App/common" -I"D:/mcu/stm32g4_uart2fdcan/firmware/uart2fdcan/App/common/core" -I"D:/mcu/stm32g4_uart2fdcan/firmware/uart2fdcan/App/ap" -I"D:/mcu/stm32g4_uart2fdcan/firmware/uart2fdcan/App/bsp" -O0 -ffunction-sections -fdata-sections -Wall -fstack-usage -fcyclomatic-complexity -MMD -MP -MF"App/common/core/util.d" -MT"App/common/core/util.o" --specs=nano.specs -mfpu=fpv4-sp-d16 -mfloat-abi=hard -mthumb -o "App/common/core/util.o"
arm-none-eabi-gcc "../App/bsp/bsp.c" -mcpu=cortex-m4 -std=gnu11 -g3 -DDEBUG -DUSE_HAL_DRIVER -DSTM32G431xx -c -I../Core/Inc -I../Drivers/STM32G4xx_HAL_Driver/Inc -I../Drivers/STM32G4xx_HAL_Driver/Inc/Legacy -I../Drivers/CMSIS/Device/ST/STM32G4xx/Include -I../Drivers/CMSIS/Include -I"D:/mcu/stm32g4_uart2fdcan/firmware/uart2fdcan/App/hw" -I"D:/mcu/stm32g4_uart2fdcan/firmware/uart2fdcan/App/common/hw" -I"D:/mcu/stm32g4_uart2fdcan/firmware/uart2fdcan/App/common/hw/include" -I"D:/mcu/stm32g4_uart2fdcan/firmware/uart2fdcan/App/common" -I"D:/mcu/stm32g4_uart2fdcan/firmware/uart2fdcan/App/common/core" -I"D:/mcu/stm32g4_uart2fdcan/firmware/uart2fdcan/App/ap" -I"D:/mcu/stm32g4_uart2fdcan/firmware/uart2fdcan/App/bsp" -O0 -ffunction-sections -fdata-sections -Wall -fstack-usage -fcyclomatic-complexity -MMD -MP -MF"App/bsp/bsp.d" -MT"App/bsp/bsp.o" --specs=nano.specs -mfpu=fpv4-sp-d16 -mfloat-abi=hard -mthumb -o "App/bsp/bsp.o"
arm-none-eabi-gcc "../App/ap/ap.c" -mcpu=cortex-m4 -std=gnu11 -g3 -DDEBUG -DUSE_HAL_DRIVER -DSTM32G431xx -c -I../Core/Inc -I../Drivers/STM32G4xx_HAL_Driver/Inc -I../Drivers/STM32G4xx_HAL_Driver/Inc/Legacy -I../Drivers/CMSIS/Device/ST/STM32G4xx/Include -I../Drivers/CMSIS/Include -I"D:/mcu/stm32g4_uart2fdcan/firmware/uart2fdcan/App/hw" -I"D:/mcu/stm32g4_uart2fdcan/firmware/uart2fdcan/App/common/hw" -I"D:/mcu/stm32g4_uart2fdcan/firmware/uart2fdcan/App/common/hw/include" -I"D:/mcu/stm32g4_uart2fdcan/firmware/uart2fdcan/App/common" -I"D:/mcu/stm32g4_uart2fdcan/firmware/uart2fdcan/App/common/core" -I"D:/mcu/stm32g4_uart2fdcan/firmware/uart2fdcan/App/ap" -I"D:/mcu/stm32g4_uart2fdcan/firmware/uart2fdcan/App/bsp" -O0 -ffunction-sections -fdata-sections -Wall -fstack-usage -fcyclomatic-complexity -MMD -MP -MF"App/ap/ap.d" -MT"App/ap/ap.o" --specs=nano.specs -mfpu=fpv4-sp-d16 -mfloat-abi=hard -mthumb -o "App/ap/ap.o"
../App/hw/hw.c: In function 'hwInit':
../App/hw/hw.c:34:11: warning: implicit declaration of function 'canInit'; did you mean 'cliInit'? [-Wimplicit-function-declaration]
   34 |           canInit();
      |           ^~~~~~~
      |           cliInit
arm-none-eabi-gcc -o "uart2fdcan.elf" @"objects.list"   -mcpu=cortex-m4 -T"D:\mcu\stm32g4_uart2fdcan\firmware\uart2fdcan\STM32G431KBUX_FLASH.ld" --specs=nosys.specs -Wl,-Map="uart2fdcan.map" -Wl,--gc-sections -static --specs=nano.specs -mfpu=fpv4-sp-d16 -mfloat-abi=hard -mthumb -Wl,--start-group -lc -lm -Wl,--end-group
C:/ST/STM32CubeIDE_1.15.1/STM32CubeIDE/plugins/com.st.stm32cube.ide.mcu.externaltools.gnu-tools-for-stm32.12.3.rel1.win32_1.0.100.202403111256/tools/bin/../lib/gcc/arm-none-eabi/12.3.1/../../../../arm-none-eabi/bin/ld.exe: ./Core/Src/stm32g4xx_hal_msp.o: in function `HAL_FDCAN_MspInit':
D:/mcu/stm32g4_uart2fdcan/firmware/uart2fdcan/Debug/../Core/Src/stm32g4xx_hal_msp.c:94: multiple definition of `HAL_FDCAN_MspInit'; ./App/hw/driver/can.o:D:/mcu/stm32g4_uart2fdcan/firmware/uart2fdcan/Debug/../App/hw/driver/can.c:888: first defined here
C:/ST/STM32CubeIDE_1.15.1/STM32CubeIDE/plugins/com.st.stm32cube.ide.mcu.externaltools.gnu-tools-for-stm32.12.3.rel1.win32_1.0.100.202403111256/tools/bin/../lib/gcc/arm-none-eabi/12.3.1/../../../../arm-none-eabi/bin/ld.exe: ./Core/Src/stm32g4xx_hal_msp.o: in function `HAL_FDCAN_MspDeInit':
D:/mcu/stm32g4_uart2fdcan/firmware/uart2fdcan/Debug/../Core/Src/stm32g4xx_hal_msp.c:144: multiple definition of `HAL_FDCAN_MspDeInit'; ./App/hw/driver/can.o:D:/mcu/stm32g4_uart2fdcan/firmware/uart2fdcan/Debug/../App/hw/driver/can.c:923: first defined here
C:/ST/STM32CubeIDE_1.15.1/STM32CubeIDE/plugins/com.st.stm32cube.ide.mcu.externaltools.gnu-tools-for-stm32.12.3.rel1.win32_1.0.100.202403111256/tools/bin/../lib/gcc/arm-none-eabi/12.3.1/../../../../arm-none-eabi/bin/ld.exe: ./Core/Src/stm32g4xx_it.o: in function `FDCAN1_IT0_IRQHandler':
D:/mcu/stm32g4_uart2fdcan/firmware/uart2fdcan/Debug/../Core/Src/stm32g4xx_it.c:235: multiple definition of `FDCAN1_IT0_IRQHandler'; ./App/hw/driver/can.o:D:/mcu/stm32g4_uart2fdcan/firmware/uart2fdcan/Debug/../App/hw/driver/can.c:865: first defined here
collect2.exe: error: ld returned 1 exit status
make: *** [makefile:71: uart2fdcan.elf] Error 1
"make -j28 all" terminated with exit code 2. Build might be incomplete.
17:07:39 **** Incremental Build of configuration Debug for project uart2fdcan ****
make -j28 all 
arm-none-eabi-gcc "../Core/Src/main.c" -mcpu=cortex-m4 -std=gnu11 -g3 -DDEBUG -DUSE_HAL_DRIVER -DSTM32G431xx -c -I../Core/Inc -I../Drivers/STM32G4xx_HAL_Driver/Inc -I../Drivers/STM32G4xx_HAL_Driver/Inc/Legacy -I../Drivers/CMSIS/Device/ST/STM32G4xx/Include -I../Drivers/CMSIS/Include -I"D:/mcu/stm32g4_uart2fdcan/firmware/uart2fdcan/App/hw" -I"D:/mcu/stm32g4_uart2fdcan/firmware/uart2fdcan/App/common/hw" -I"D:/mcu/stm32g4_uart2fdcan/firmware/uart2fdcan/App/common/hw/include" -I"D:/mcu/stm32g4_uart2fdcan/firmware/uart2fdcan/App/common" -I"D:/mcu/stm32g4_uart2fdcan/firmware/uart2fdcan/App/common/core" -I"D:/mcu/stm32g4_uart2fdcan/firmware/uart2fdcan/App/ap" -I"D:/mcu/stm32g4_uart2fdcan/firmware/uart2fdcan/App/bsp" -O0 -ffunction-sections -fdata-sections -Wall -fstack-usage -fcyclomatic-complexity -MMD -MP -MF"Core/Src/main.d" -MT"Core/Src/main.o" --specs=nano.specs -mfpu=fpv4-sp-d16 -mfloat-abi=hard -mthumb -o "Core/Src/main.o"
arm-none-eabi-gcc "../App/hw/hw.c" -mcpu=cortex-m4 -std=gnu11 -g3 -DDEBUG -DUSE_HAL_DRIVER -DSTM32G431xx -c -I../Core/Inc -I../Drivers/STM32G4xx_HAL_Driver/Inc -I../Drivers/STM32G4xx_HAL_Driver/Inc/Legacy -I../Drivers/CMSIS/Device/ST/STM32G4xx/Include -I../Drivers/CMSIS/Include -I"D:/mcu/stm32g4_uart2fdcan/firmware/uart2fdcan/App/hw" -I"D:/mcu/stm32g4_uart2fdcan/firmware/uart2fdcan/App/common/hw" -I"D:/mcu/stm32g4_uart2fdcan/firmware/uart2fdcan/App/common/hw/include" -I"D:/mcu/stm32g4_uart2fdcan/firmware/uart2fdcan/App/common" -I"D:/mcu/stm32g4_uart2fdcan/firmware/uart2fdcan/App/common/core" -I"D:/mcu/stm32g4_uart2fdcan/firmware/uart2fdcan/App/ap" -I"D:/mcu/stm32g4_uart2fdcan/firmware/uart2fdcan/App/bsp" -O0 -ffunction-sections -fdata-sections -Wall -fstack-usage -fcyclomatic-complexity -MMD -MP -MF"App/hw/hw.d" -MT"App/hw/hw.o" --specs=nano.specs -mfpu=fpv4-sp-d16 -mfloat-abi=hard -mthumb -o "App/hw/hw.o"
arm-none-eabi-gcc "../App/ap/ap.c" -mcpu=cortex-m4 -std=gnu11 -g3 -DDEBUG -DUSE_HAL_DRIVER -DSTM32G431xx -c -I../Core/Inc -I../Drivers/STM32G4xx_HAL_Driver/Inc -I../Drivers/STM32G4xx_HAL_Driver/Inc/Legacy -I../Drivers/CMSIS/Device/ST/STM32G4xx/Include -I../Drivers/CMSIS/Include -I"D:/mcu/stm32g4_uart2fdcan/firmware/uart2fdcan/App/hw" -I"D:/mcu/stm32g4_uart2fdcan/firmware/uart2fdcan/App/common/hw" -I"D:/mcu/stm32g4_uart2fdcan/firmware/uart2fdcan/App/common/hw/include" -I"D:/mcu/stm32g4_uart2fdcan/firmware/uart2fdcan/App/common" -I"D:/mcu/stm32g4_uart2fdcan/firmware/uart2fdcan/App/common/core" -I"D:/mcu/stm32g4_uart2fdcan/firmware/uart2fdcan/App/ap" -I"D:/mcu/stm32g4_uart2fdcan/firmware/uart2fdcan/App/bsp" -O0 -ffunction-sections -fdata-sections -Wall -fstack-usage -fcyclomatic-complexity -MMD -MP -MF"App/ap/ap.d" -MT"App/ap/ap.o" --specs=nano.specs -mfpu=fpv4-sp-d16 -mfloat-abi=hard -mthumb -o "App/ap/ap.o"
arm-none-eabi-gcc -o "uart2fdcan.elf" @"objects.list"   -mcpu=cortex-m4 -T"D:\mcu\stm32g4_uart2fdcan\firmware\uart2fdcan\STM32G431KBUX_FLASH.ld" --specs=nosys.specs -Wl,-Map="uart2fdcan.map" -Wl,--gc-sections -static --specs=nano.specs -mfpu=fpv4-sp-d16 -mfloat-abi=hard -mthumb -Wl,--start-group -lc -lm -Wl,--end-group
C:/ST/STM32CubeIDE_1.15.1/STM32CubeIDE/plugins/com.st.stm32cube.ide.mcu.externaltools.gnu-tools-for-stm32.12.3.rel1.win32_1.0.100.202403111256/tools/bin/../lib/gcc/arm-none-eabi/12.3.1/../../../../arm-none-eabi/bin/ld.exe: ./Core/Src/stm32g4xx_hal_msp.o: in function `HAL_FDCAN_MspInit':
D:/mcu/stm32g4_uart2fdcan/firmware/uart2fdcan/Debug/../Core/Src/stm32g4xx_hal_msp.c:94: multiple definition of `HAL_FDCAN_MspInit'; ./App/hw/driver/can.o:D:/mcu/stm32g4_uart2fdcan/firmware/uart2fdcan/Debug/../App/hw/driver/can.c:888: first defined here
C:/ST/STM32CubeIDE_1.15.1/STM32CubeIDE/plugins/com.st.stm32cube.ide.mcu.externaltools.gnu-tools-for-stm32.12.3.rel1.win32_1.0.100.202403111256/tools/bin/../lib/gcc/arm-none-eabi/12.3.1/../../../../arm-none-eabi/bin/ld.exe: ./Core/Src/stm32g4xx_hal_msp.o: in function `HAL_FDCAN_MspDeInit':
D:/mcu/stm32g4_uart2fdcan/firmware/uart2fdcan/Debug/../Core/Src/stm32g4xx_hal_msp.c:144: multiple definition of `HAL_FDCAN_MspDeInit'; ./App/hw/driver/can.o:D:/mcu/stm32g4_uart2fdcan/firmware/uart2fdcan/Debug/../App/hw/driver/can.c:923: first defined here
C:/ST/STM32CubeIDE_1.15.1/STM32CubeIDE/plugins/com.st.stm32cube.ide.mcu.externaltools.gnu-tools-for-stm32.12.3.rel1.win32_1.0.100.202403111256/tools/bin/../lib/gcc/arm-none-eabi/12.3.1/../../../../arm-none-eabi/bin/ld.exe: ./Core/Src/stm32g4xx_it.o: in function `FDCAN1_IT0_IRQHandler':
D:/mcu/stm32g4_uart2fdcan/firmware/uart2fdcan/Debug/../Core/Src/stm32g4xx_it.c:235: multiple definition of `FDCAN1_IT0_IRQHandler'; ./App/hw/driver/can.o:D:/mcu/stm32g4_uart2fdcan/firmware/uart2fdcan/Debug/../App/hw/driver/can.c:865: first defined here
collect2.exe: error: ld returned 1 exit status
make: *** [makefile:71: uart2fdcan.elf] Error 1
"make -j28 all" terminated with exit code 2. Build might be incomplete.
17:07:43 **** Incremental Build of configuration Debug for project uart2fdcan ****
make -j28 all 
arm-none-eabi-gcc -o "uart2fdcan.elf" @"objects.list"   -mcpu=cortex-m4 -T"D:\mcu\stm32g4_uart2fdcan\firmware\uart2fdcan\STM32G431KBUX_FLASH.ld" --specs=nosys.specs -Wl,-Map="uart2fdcan.map" -Wl,--gc-sections -static --specs=nano.specs -mfpu=fpv4-sp-d16 -mfloat-abi=hard -mthumb -Wl,--start-group -lc -lm -Wl,--end-group
C:/ST/STM32CubeIDE_1.15.1/STM32CubeIDE/plugins/com.st.stm32cube.ide.mcu.externaltools.gnu-tools-for-stm32.12.3.rel1.win32_1.0.100.202403111256/tools/bin/../lib/gcc/arm-none-eabi/12.3.1/../../../../arm-none-eabi/bin/ld.exe: ./Core/Src/stm32g4xx_hal_msp.o: in function `HAL_FDCAN_MspInit':
D:/mcu/stm32g4_uart2fdcan/firmware/uart2fdcan/Debug/../Core/Src/stm32g4xx_hal_msp.c:94: multiple definition of `HAL_FDCAN_MspInit'; ./App/hw/driver/can.o:D:/mcu/stm32g4_uart2fdcan/firmware/uart2fdcan/Debug/../App/hw/driver/can.c:888: first defined here
C:/ST/STM32CubeIDE_1.15.1/STM32CubeIDE/plugins/com.st.stm32cube.ide.mcu.externaltools.gnu-tools-for-stm32.12.3.rel1.win32_1.0.100.202403111256/tools/bin/../lib/gcc/arm-none-eabi/12.3.1/../../../../arm-none-eabi/bin/ld.exe: ./Core/Src/stm32g4xx_hal_msp.o: in function `HAL_FDCAN_MspDeInit':
D:/mcu/stm32g4_uart2fdcan/firmware/uart2fdcan/Debug/../Core/Src/stm32g4xx_hal_msp.c:144: multiple definition of `HAL_FDCAN_MspDeInit'; ./App/hw/driver/can.o:D:/mcu/stm32g4_uart2fdcan/firmware/uart2fdcan/Debug/../App/hw/driver/can.c:923: first defined here
C:/ST/STM32CubeIDE_1.15.1/STM32CubeIDE/plugins/com.st.stm32cube.ide.mcu.externaltools.gnu-tools-for-stm32.12.3.rel1.win32_1.0.100.202403111256/tools/bin/../lib/gcc/arm-none-eabi/12.3.1/../../../../arm-none-eabi/bin/ld.exe: ./Core/Src/stm32g4xx_it.o: in function `FDCAN1_IT0_IRQHandler':
D:/mcu/stm32g4_uart2fdcan/firmware/uart2fdcan/Debug/../Core/Src/stm32g4xx_it.c:235: multiple definition of `FDCAN1_IT0_IRQHandler'; ./App/hw/driver/can.o:D:/mcu/stm32g4_uart2fdcan/firmware/uart2fdcan/Debug/../App/hw/driver/can.c:865: first defined here
collect2.exe: error: ld returned 1 exit status
make: *** [makefile:71: uart2fdcan.elf] Error 1
"make -j28 all" terminated with exit code 2. Build might be incomplete.
17:09:12 **** Incremental Build of configuration Debug for project uart2fdcan ****
make -j28 all 
arm-none-eabi-gcc "../App/hw/driver/can.c" -mcpu=cortex-m4 -std=gnu11 -g3 -DDEBUG -DUSE_HAL_DRIVER -DSTM32G431xx -c -I../Core/Inc -I../Drivers/STM32G4xx_HAL_Driver/Inc -I../Drivers/STM32G4xx_HAL_Driver/Inc/Legacy -I../Drivers/CMSIS/Device/ST/STM32G4xx/Include -I../Drivers/CMSIS/Include -I"D:/mcu/stm32g4_uart2fdcan/firmware/uart2fdcan/App/hw" -I"D:/mcu/stm32g4_uart2fdcan/firmware/uart2fdcan/App/common/hw" -I"D:/mcu/stm32g4_uart2fdcan/firmware/uart2fdcan/App/common/hw/include" -I"D:/mcu/stm32g4_uart2fdcan/firmware/uart2fdcan/App/common" -I"D:/mcu/stm32g4_uart2fdcan/firmware/uart2fdcan/App/common/core" -I"D:/mcu/stm32g4_uart2fdcan/firmware/uart2fdcan/App/ap" -I"D:/mcu/stm32g4_uart2fdcan/firmware/uart2fdcan/App/bsp" -O0 -ffunction-sections -fdata-sections -Wall -fstack-usage -fcyclomatic-complexity -MMD -MP -MF"App/hw/driver/can.d" -MT"App/hw/driver/can.o" --specs=nano.specs -mfpu=fpv4-sp-d16 -mfloat-abi=hard -mthumb -o "App/hw/driver/can.o"
arm-none-eabi-gcc -o "uart2fdcan.elf" @"objects.list"   -mcpu=cortex-m4 -T"D:\mcu\stm32g4_uart2fdcan\firmware\uart2fdcan\STM32G431KBUX_FLASH.ld" --specs=nosys.specs -Wl,-Map="uart2fdcan.map" -Wl,--gc-sections -static --specs=nano.specs -mfpu=fpv4-sp-d16 -mfloat-abi=hard -mthumb -Wl,--start-group -lc -lm -Wl,--end-group
Finished building target: uart2fdcan.elf
 
arm-none-eabi-size  uart2fdcan.elf 
arm-none-eabi-objdump -h -S uart2fdcan.elf  > "uart2fdcan.list"
   text	   data	    bss	    dec	    hex	filename
  55476	   2624	  13384	  71484	  1173c	uart2fdcan.elf
Finished building: default.size.stdout
 
Finished building: uart2fdcan.list
 
17:10:57 **** Incremental Build of configuration Debug for project uart2fdcan ****
make -j28 all 
arm-none-eabi-size  uart2fdcan.elf 
   text	   data	    bss	    dec	    hex	filename
  55476	   2624	  13384	  71484	  1173c	uart2fdcan.elf
Finished building: default.size.stdout
 
17:12:52 **** Incremental Build of configuration Debug for project uart2fdcan ****
make -j28 all 
arm-none-eabi-gcc "../App/hw/driver/can.c" -mcpu=cortex-m4 -std=gnu11 -g3 -DDEBUG -DUSE_HAL_DRIVER -DSTM32G431xx -c -I../Core/Inc -I../Drivers/STM32G4xx_HAL_Driver/Inc -I../Drivers/STM32G4xx_HAL_Driver/Inc/Legacy -I../Drivers/CMSIS/Device/ST/STM32G4xx/Include -I../Drivers/CMSIS/Include -I"D:/mcu/stm32g4_uart2fdcan/firmware/uart2fdcan/App/hw" -I"D:/mcu/stm32g4_uart2fdcan/firmware/uart2fdcan/App/common/hw" -I"D:/mcu/stm32g4_uart2fdcan/firmware/uart2fdcan/App/common/hw/include" -I"D:/mcu/stm32g4_uart2fdcan/firmware/uart2fdcan/App/common" -I"D:/mcu/stm32g4_uart2fdcan/firmware/uart2fdcan/App/common/core" -I"D:/mcu/stm32g4_uart2fdcan/firmware/uart2fdcan/App/ap" -I"D:/mcu/stm32g4_uart2fdcan/firmware/uart2fdcan/App/bsp" -O0 -ffunction-sections -fdata-sections -Wall -fstack-usage -fcyclomatic-complexity -MMD -MP -MF"App/hw/driver/can.d" -MT"App/hw/driver/can.o" --specs=nano.specs -mfpu=fpv4-sp-d16 -mfloat-abi=hard -mthumb -o "App/hw/driver/can.o"
arm-none-eabi-gcc -o "uart2fdcan.elf" @"objects.list"   -mcpu=cortex-m4 -T"D:\mcu\stm32g4_uart2fdcan\firmware\uart2fdcan\STM32G431KBUX_FLASH.ld" --specs=nosys.specs -Wl,-Map="uart2fdcan.map" -Wl,--gc-sections -static --specs=nano.specs -mfpu=fpv4-sp-d16 -mfloat-abi=hard -mthumb -Wl,--start-group -lc -lm -Wl,--end-group
Finished building target: uart2fdcan.elf
 
arm-none-eabi-size  uart2fdcan.elf 
arm-none-eabi-objdump -h -S uart2fdcan.elf  > "uart2fdcan.list"
   text	   data	    bss	    dec	    hex	filename
  55476	   2624	  13384	  71484	  1173c	uart2fdcan.elf
Finished building: default.size.stdout
 
Finished building: uart2fdcan.list
 
17:13:51 **** Incremental Build of configuration Debug for project uart2fdcan ****
make -j28 all 
arm-none-eabi-size  uart2fdcan.elf 
   text	   data	    bss	    dec	    hex	filename
  55476	   2624	  13384	  71484	  1173c	uart2fdcan.elf
Finished building: default.size.stdout
 
17:19:16 **** Incremental Build of configuration Debug for project uart2fdcan ****
make -j28 all 
arm-none-eabi-gcc "../App/hw/driver/can.c" -mcpu=cortex-m4 -std=gnu11 -g3 -DDEBUG -DUSE_HAL_DRIVER -DSTM32G431xx -c -I../Core/Inc -I../Drivers/STM32G4xx_HAL_Driver/Inc -I../Drivers/STM32G4xx_HAL_Driver/Inc/Legacy -I../Drivers/CMSIS/Device/ST/STM32G4xx/Include -I../Drivers/CMSIS/Include -I"D:/mcu/stm32g4_uart2fdcan/firmware/uart2fdcan/App/hw" -I"D:/mcu/stm32g4_uart2fdcan/firmware/uart2fdcan/App/common/hw" -I"D:/mcu/stm32g4_uart2fdcan/firmware/uart2fdcan/App/common/hw/include" -I"D:/mcu/stm32g4_uart2fdcan/firmware/uart2fdcan/App/common" -I"D:/mcu/stm32g4_uart2fdcan/firmware/uart2fdcan/App/common/core" -I"D:/mcu/stm32g4_uart2fdcan/firmware/uart2fdcan/App/ap" -I"D:/mcu/stm32g4_uart2fdcan/firmware/uart2fdcan/App/bsp" -O0 -ffunction-sections -fdata-sections -Wall -fstack-usage -fcyclomatic-complexity -MMD -MP -MF"App/hw/driver/can.d" -MT"App/hw/driver/can.o" --specs=nano.specs -mfpu=fpv4-sp-d16 -mfloat-abi=hard -mthumb -o "App/hw/driver/can.o"
../App/hw/driver/can.c: In function 'canOpen':
../App/hw/driver/can.c:212:44: error: 'GPIO_RESET' undeclared (first use in this function); did you mean 'GPIO_PIN_SET'?
  212 |       HAL_GPIO_WritePin(GPIOA, GPIO_PIN_8, GPIO_RESET);
      |                                            ^~~~~~~~~~
      |                                            GPIO_PIN_SET
../App/hw/driver/can.c:212:44: note: each undeclared identifier is reported only once for each function it appears in
make: *** [App/hw/driver/subdir.mk:76: App/hw/driver/can.o] Error 1
"make -j28 all" terminated with exit code 2. Build might be incomplete.
17:19:42 **** Incremental Build of configuration Debug for project uart2fdcan ****
make -j28 all 
[...]
arm-none-eabi-gcc "../App/hw/driver/led.c" -mcpu=cortex-m4 -std=gnu11 -g3 -DDEBUG -DUSE_HAL_DRIVER -DSTM32G431xx -c -I../Core/Inc -I../Drivers/STM32G4xx_HAL_Driver/Inc -I../Drivers/STM32G4xx_HAL_Driver/Inc/Legacy -I../Drivers/CMSIS/Device/ST/STM32G4xx/Include -I../Drivers/CMSIS/Include -I"D:/mcu/stm32g4_uart2fdcan/firmware/uart2fdcan/App/hw" -I"D:/mcu/stm32g4_uart2fdcan/firmware/uart2fdcan/App/common/hw" -I"D:/mcu/stm32g4_uart2fdcan/firmware/uart2fdcan/App/common/hw/include" -I"D:/mcu/stm32g4_uart2fdcan/firmware/uart2fdcan/App/common" -I"D:/mcu/stm32g4_uart2fdcan/firmware/uart2fdcan/App/common/core" -I"D:/mcu/stm32g4_uart2fdcan/firmware/uart2fdcan/App/ap" -I"D:/mcu/stm32g4_uart2fdcan/firmware/uart2fdcan/App/bsp" -O0 -ffunction-sections -fdata-sections -Wall -fstack-usage -fcyclomatic-complexity -MMD -MP -MF"App/hw/driver/led.d" -MT"App/hw/driver/led.o" --specs=nano.specs -mfpu=fpv4-sp-d16 -mfloat-abi=hard -mthumb -o "App/hw/driver/led.o"
arm-none-eabi-gcc "../App/hw/driver/log.c" -mcpu=cortex-m4 -std=gnu11 -g3 -DDEBUG -DUSE_HAL_DRIVER -DSTM32G431xx -c -I../Core/Inc -I../Drivers/STM32G4xx_HAL_Driver/Inc -I../Drivers/STM32G4xx_HAL_Driver/Inc/Legacy -I../Drivers/CMSIS/Device/ST/STM32G4xx/Include -I../Drivers/CMSIS/Include -I"D:/mcu/stm32g4_uart2fdcan/firmware/uart2fdcan/App/hw" -I"D:/mcu/stm32g4_uart2fdcan/firmware/uart2fdcan/App/common/hw" -I"D:/mcu/stm32g4_uart2fdcan/firmware/uart2fdcan/App/common/hw/include" -I"D:/mcu/stm32g4_uart2fdcan/firmware/uart2fdcan/App/common" -I"D:/mcu/stm32g4_uart2fdcan/firmware/uart2fdcan/App/common/core" -I"D:/mcu/stm32g4_uart2fdcan/firmware/uart2fdcan/App/ap" -I"D:/mcu/stm32g4_uart2fdcan/firmware/uart2fdcan/App/bsp" -O0 -ffunction-sections -fdata-sections -Wall -fstack-usage -fcyclomatic-complexity -MMD -MP -MF"App/hw/driver/log.d" -MT"App/hw/driver/log.o" --specs=nano.specs -mfpu=fpv4-sp-d16 -mfloat-abi=hard -mthumb -o "App/hw/driver/log.o"
arm-none-eabi-gcc "../App/hw/driver/pwm.c" -mcpu=cortex-m4 -std=gnu11 -g3 -DDEBUG -DUSE_HAL_DRIVER -DSTM32G431xx -c -I../Core/Inc -I../Drivers/STM32G4xx_HAL_Driver/Inc -I../Drivers/STM32G4xx_HAL_Driver/Inc/Legacy -I../Drivers/CMSIS/Device/ST/STM32G4xx/Include -I../Drivers/CMSIS/Include -I"D:/mcu/stm32g4_uart2fdcan/firmware/uart2fdcan/App/hw" -I"D:/mcu/stm32g4_uart2fdcan/firmware/uart2fdcan/App/common/hw" -I"D:/mcu/stm32g4_uart2fdcan/firmware/uart2fdcan/App/common/hw/include" -I"D:/mcu/stm32g4_uart2fdcan/firmware/uart2fdcan/App/common" -I"D:/mcu/stm32g4_uart2fdcan/firmware/uart2fdcan/App/common/core" -I"D:/mcu/stm32g4_uart2fdcan/firmware/uart2fdcan/App/ap" -I"D:/mcu/stm32g4_uart2fdcan/firmware/uart2fdcan/App/bsp" -O0 -ffunction-sections -fdata-sections -Wall -fstack-usage -fcyclomatic-complexity -MMD -MP -MF"App/hw/driver/pwm.d" -MT"App/hw/driver/pwm.o" --specs=nano.specs -mfpu=fpv4-sp-d16 -mfloat-abi=hard -mthumb -o "App/hw/driver/pwm.o"
arm-none-eabi-gcc "../App/hw/driver/qspi.c" -mcpu=cortex-m4 -std=gnu11 -g3 -DDEBUG -DUSE_HAL_DRIVER -DSTM32G431xx -c -I../Core/Inc -I../Drivers/STM32G4xx_HAL_Driver/Inc -I../Drivers/STM32G4xx_HAL_Driver/Inc/Legacy -I../Drivers/CMSIS/Device/ST/STM32G4xx/Include -I../Drivers/CMSIS/Include -I"D:/mcu/stm32g4_uart2fdcan/firmware/uart2fdcan/App/hw" -I"D:/mcu/stm32g4_uart2fdcan/firmware/uart2fdcan/App/common/hw" -I"D:/mcu/stm32g4_uart2fdcan/firmware/uart2fdcan/App/common/hw/include" -I"D:/mcu/stm32g4_uart2fdcan/firmware/uart2fdcan/App/common" -I"D:/mcu/stm32g4_uart2fdcan/firmware/uart2fdcan/App/common/core" -I"D:/mcu/stm32g4_uart2fdcan/firmware/uart2fdcan/App/ap" -I"D:/mcu/stm32g4_uart2fdcan/firmware/uart2fdcan/App/bsp" -O0 -ffunction-sections -fdata-sections -Wall -fstack-usage -fcyclomatic-complexity -MMD -MP -MF"App/hw/driver/qspi.d" -MT"App/hw/driver/qspi.o" --specs=nano.specs -mfpu=fpv4-sp-d16 -mfloat-abi=hard -mthumb -o "App/hw/driver/qspi.o"
arm-none-eabi-gcc "../App/hw/driver/reset.c" -mcpu=cortex-m4 -std=gnu11 -g3 -DDEBUG -DUSE_HAL_DRIVER -DSTM32G431xx -c -I../Core/Inc -I../Drivers/STM32G4xx_HAL_Driver/Inc -I../Drivers/STM32G4xx_HAL_Driver/Inc/Legacy -I../Drivers/CMSIS/Device/ST/STM32G4xx/Include -I../Drivers/CMSIS/Include -I"D:/mcu/stm32g4_uart2fdcan/firmware/uart2fdcan/App/hw" -I"D:/mcu/stm32g4_uart2fdcan/firmware/uart2fdcan/App/common/hw" -I"D:/mcu/stm32g4_uart2fdcan/firmware/uart2fdcan/App/common/hw/include" -I"D:/mcu/stm32g4_uart2fdcan/firmware/uart2fdcan/App/common" -I"D:/mcu/stm32g4_uart2fdcan/firmware/uart2fdcan/App/common/core" -I"D:/mcu/stm32g4_uart2fdcan/firmware/uart2fdcan/App/ap" -I"D:/mcu/stm32g4_uart2fdcan/firmware/uart2fdcan/App/bsp" -O0 -ffunction-sections -fdata-sections -Wall -fstack-usage -fcyclomatic-complexity -MMD -MP -MF"App/hw/driver/reset.d" -MT"App/hw/driver/reset.o" --specs=nano.specs -mfpu=fpv4-sp-d16 -mfloat-abi=hard -mthumb -o "App/hw/driver/reset.o"
arm-none-eabi-gcc "../App/hw/driver/rtc.c" -mcpu=cortex-m4 -std=gnu11 -g3 -DDEBUG -DUSE_HAL_DRIVER -DSTM32G431xx -c -I../Core/Inc -I../Drivers/STM32G4xx_HAL_Driver/Inc -I../Drivers/STM32G4xx_HAL_Driver/Inc/Legacy -I../Drivers/CMSIS/Device/ST/STM32G4xx/Include -I../Drivers/CMSIS/Include -I"D:/mcu/stm32g4_uart2fdcan/firmware/uart2fdcan/App/hw" -I"D:/mcu/stm32g4_uart2fdcan/firmware/uart2fdcan/App/common/hw" -I"D:/mcu/stm32g4_uart2fdcan/firmware/uart2fdcan/App/common/hw/include" -I"D:/mcu/stm32g4_uart2fdcan/firmware/uart2fdcan/App/common" -I"D:/mcu/stm32g4_uart2fdcan/firmware/uart2fdcan/App/common/core" -I"D:/mcu/stm32g4_uart2fdcan/firmware/uart2fdcan/App/ap" -I"D:/mcu/stm32g4_uart2fdcan/firmware/uart2fdcan/App/bsp" -O0 -ffunction-sections -fdata-sections -Wall -fstack-usage -fcyclomatic-complexity -MMD -MP -MF"App/hw/driver/rtc.d" -MT"App/hw/driver/rtc.o" --specs=nano.specs -mfpu=fpv4-sp-d16 -mfloat-abi=hard -mthumb -o "App/hw/driver/rtc.o"
arm-none-eabi-gcc "../App/hw/driver/sdram.c" -mcpu=cortex-m4 -std=gnu11 -g3 -DDEBUG -DUSE_HAL_DRIVER -DSTM32G431xx -c -I../Core/Inc -I../Drivers/STM32G4xx_HAL_Driver/Inc -I../Drivers/STM32G4xx_HAL_Driver/Inc/Legacy -I../Drivers/CMSIS/Device/ST/STM32G4xx/Include -I../Drivers/CMSIS/Include -I"D:/mcu/stm32g4_uart2fdcan/firmware/uart2fdcan/App/hw" -I"D:/mcu/stm32g4_uart2fdcan/firmware/uart2fdcan/App/common/hw" -I"D:/mcu/stm32g4_uart2fdcan/firmware/uart2fdcan/App/common/hw/include" -I"D:/mcu/stm32g4_uart2fdcan/firmware/uart2fdcan/App/common" -I"D:/mcu/stm32g4_uart2fdcan/firmware/uart2fdcan/App/common/core" -I"D:/mcu/stm32g4_uart2fdcan/firmware/uart2fdcan/App/ap" -I"D:/mcu/stm32g4_uart2fdcan/firmware/uart2fdcan/App/bsp" -O0 -ffunction-sections -fdata-sections -Wall -fstack-usage -fcyclomatic-complexity -MMD -MP -MF"App/hw/driver/sdram.d" -MT"App/hw/driver/sdram.o" --specs=nano.specs -mfpu=fpv4-sp-d16 -mfloat-abi=hard -mthumb -o "App/hw/driver/sdram.o"
arm-none-eabi-gcc "../App/hw/driver/spi.c" -mcpu=cortex-m4 -std=gnu11 -g3 -DDEBUG -DUSE_HAL_DRIVER -DSTM32G431xx -c -I../Core/Inc -I../Drivers/STM32G4xx_HAL_Driver/Inc -I../Drivers/STM32G4xx_HAL_Driver/Inc/Legacy -I../Drivers/CMSIS/Device/ST/STM32G4xx/Include -I../Drivers/CMSIS/Include -I"D:/mcu/stm32g4_uart2fdcan/firmware/uart2fdcan/App/hw" -I"D:/mcu/stm32g4_uart2fdcan/firmware/uart2fdcan/App/common/hw" -I"D:/mcu/stm32g4_uart2fdcan/firmware/uart2fdcan/App/common/hw/include" -I"D:/mcu/stm32g4_uart2fdcan/firmware/uart2fdcan/App/common" -I"D:/mcu/stm32g4_uart2fdcan/firmware/uart2fdcan/App/common/core" -I"D:/mcu/stm32g4_uart2fdcan/firmware/uart2fdcan/App/ap" -I"D:/mcu/stm32g4_uart2fdcan/firmware/uart2fdcan/App/bsp" -O0 -ffunction-sections -fdata-sections -Wall -fstack-usage -fcyclomatic-complexity -MMD -MP -MF"App/hw/driver/spi.d" -MT"App/hw/driver/spi.o" --specs=nano.specs -mfpu=fpv4-sp-d16 -mfloat-abi=hard -mthumb -o "App/hw/driver/spi.o"
arm-none-eabi-gcc "../App/hw/driver/spi_flash.c" -mcpu=cortex-m4 -std=gnu11 -g3 -DDEBUG -DUSE_HAL_DRIVER -DSTM32G431xx -c -I../Core/Inc -I../Drivers/STM32G4xx_HAL_Driver/Inc -I../Drivers/STM32G4xx_HAL_Driver/Inc/Legacy -I../Drivers/CMSIS/Device/ST/STM32G4xx/Include -I../Drivers/CMSIS/Include -I"D:/mcu/stm32g4_uart2fdcan/firmware/uart2fdcan/App/hw" -I"D:/mcu/stm32g4_uart2fdcan/firmware/uart2fdcan/App/common/hw" -I"D:/mcu/stm32g4_uart2fdcan/firmware/uart2fdcan/App/common/hw/include" -I"D:/mcu/stm32g4_uart2fdcan/firmware/uart2fdcan/App/common" -I"D:/mcu/stm32g4_uart2fdcan/firmware/uart2fdcan/App/common/core" -I"D:/mcu/stm32g4_uart2fdcan/firmware/uart2fdcan/App/ap" -I"D:/mcu/stm32g4_uart2fdcan/firmware/uart2fdcan/App/bsp" -O0 -ffunction-sections -fdata-sections -Wall -fstack-usage -fcyclomatic-complexity -MMD -MP -MF"App/hw/driver/spi_flash.d" -MT"App/hw/driver/spi_flash.o" --specs=nano.specs -mfpu=fpv4-sp-d16 -mfloat-abi=hard -mthumb -o "App/hw/driver/spi_flash.o"
arm-none-eabi-gcc "../App/hw/driver/swtimer.c" -mcpu=cortex-m4 -std=gnu11 -g3 -DDEBUG -DUSE_HAL_DRIVER -DSTM32G431xx -c -I../Core/Inc -I../Drivers/STM32G4xx_HAL_Driver/Inc -I../Drivers/STM32G4xx_HAL_Driver/Inc/Legacy -I../Drivers/CMSIS/Device/ST/STM32G4xx/Include -I../Drivers/CMSIS/Include -I"D:/mcu/stm32g4_uart2fdcan/firmware/uart2fdcan/App/hw" -I"D:/mcu/stm32g4_uart2fdcan/firmware/uart2fdcan/App/common/hw" -I"D:/mcu/stm32g4_uart2fdcan/firmware/uart2fdcan/App/common/hw/include" -I"D:/mcu/stm32g4_uart2fdcan/firmware/uart2fdcan/App/common" -I"D:/mcu/stm32g4_uart2fdcan/firmware/uart2fdcan/App/common/core" -I"D:/mcu/stm32g4_uart2fdcan/firmware/uart2fdcan/App/ap" -I"D:/mcu/stm32g4_uart2fdcan/firmware/uart2fdcan/App/bsp" -O0 -ffunction-sections -fdata-sections -Wall -fstack-usage -fcyclomatic-complexity -MMD -MP -MF"App/hw/driver/swtimer.d" -MT"App/hw/driver/swtimer.o" --specs=nano.specs -mfpu=fpv4-sp-d16 -mfloat-abi=hard -mthumb -o "App/hw/driver/swtimer.o"
arm-none-eabi-gcc "../App/hw/driver/touch.c" -mcpu=cortex-m4 -std=gnu11 -g3 -DDEBUG -DUSE_HAL_DRIVER -DSTM32G431xx -c -I../Core/Inc -I../Drivers/STM32G4xx_HAL_Driver/Inc -I../Drivers/STM32G4xx_HAL_Driver/Inc/Legacy -I../Drivers/CMSIS/Device/ST/STM32G4xx/Include -I../Drivers/CMSIS/Include -I"D:/mcu/stm32g4_uart2fdcan/firmware/uart2fdcan/App/hw" -I"D:/mcu/stm32g4_uart2fdcan/firmware/uart2fdcan/App/common/hw" -I"D:/mcu/stm32g4_uart2fdcan/firmware/uart2fdcan/App/common/hw/include" -I"D:/mcu/stm32g4_uart2fdcan/firmware/uart2fdcan/App/common" -I"D:/mcu/stm32g4_uart2fdcan/firmware/uart2fdcan/App/common/core" -I"D:/mcu/stm32g4_uart2fdcan/firmware/uart2fdcan/App/ap" -I"D:/mcu/stm32g4_uart2fdcan/firmware/uart2fdcan/App/bsp" -O0 -ffunction-sections -fdata-sections -Wall -fstack-usage -fcyclomatic-complexity -MMD -MP -MF"App/hw/driver/touch.d" -MT"App/hw/driver/touch.o" --specs=nano.specs -mfpu=fpv4-sp-d16 -mfloat-abi=hard -mthumb -o "App/hw/driver/touch.o"
arm-none-eabi-gcc "../App/hw/driver/uart.c" -mcpu=cortex-m4 -std=gnu11 -g3 -DDEBUG -DUSE_HAL_DRIVER -DSTM32G431xx -c -I../Core/Inc -I../Drivers/STM32G4xx_HAL_Driver/Inc -I../Drivers/STM32G4xx_HAL_Driver/Inc/Legacy -I../Drivers/CMSIS/Device/ST/STM32G4xx/Include -I../Drivers/CMSIS/Include -I"D:/mcu/stm32g4_uart2fdcan/firmware/uart2fdcan/App/hw" -I"D:/mcu/stm32g4_uart2fdcan/firmware/uart2fdcan/App/common/hw" -I"D:/mcu/stm32g4_uart2fdcan/firmware/uart2fdcan/App/common/hw/include" -I"D:/mcu/stm32g4_uart2fdcan/firmware/uart2fdcan/App/common" -I"D:/mcu/stm32g4_uart2fdcan/firmware/uart2fdcan/App/common/core" -I"D:/mcu/stm32g4_uart2fdcan/firmware/uart2fdcan/App/ap" -I"D:/mcu/stm32g4_uart2fdcan/firmware/uart2fdcan/App/bsp" -O0 -ffunction-sections -fdata-sections -Wall -fstack-usage -fcyclomatic-complexity -MMD -MP -MF"App/hw/driver/uart.d" -MT"App/hw/driver/uart.o" --specs=nano.specs -mfpu=fpv4-sp-d16 -mfloat-abi=hard -mthumb -o "App/hw/driver/uart.o"
arm-none-eabi-gcc "../App/hw/hw.c" -mcpu=cortex-m4 -std=gnu11 -g3 -DDEBUG -DUSE_HAL_DRIVER -DSTM32G431xx -c -I../Core/Inc -I../Drivers/STM32G4xx_HAL_Driver/Inc -I../Drivers/STM32G4xx_HAL_Driver/Inc/Legacy -I../Drivers/CMSIS/Device/ST/STM32G4xx/Include -I../Drivers/CMSIS/Include -I"D:/mcu/stm32g4_uart2fdcan/firmware/uart2fdcan/App/hw" -I"D:/mcu/stm32g4_uart2fdcan/firmware/uart2fdcan/App/common/hw" -I"D:/mcu/stm32g4_uart2fdcan/firmware/uart2fdcan/App/common/hw/include" -I"D:/mcu/stm32g4_uart2fdcan/firmware/uart2fdcan/App/common" -I"D:/mcu/stm32g4_uart2fdcan/firmware/uart2fdcan/App/common/core" -I"D:/mcu/stm32g4_uart2fdcan/firmware/uart2fdcan/App/ap" -I"D:/mcu/stm32g4_uart2fdcan/firmware/uart2fdcan/App/bsp" -O0 -ffunction-sections -fdata-sections -Wall -fstack-usage -fcyclomatic-complexity -MMD -MP -MF"App/hw/hw.d" -MT"App/hw/hw.o" --specs=nano.specs -mfpu=fpv4-sp-d16 -mfloat-abi=hard -mthumb -o "App/hw/hw.o"
arm-none-eabi-gcc "../App/common/hw/src/cli.c" -mcpu=cortex-m4 -std=gnu11 -g3 -DDEBUG -DUSE_HAL_DRIVER -DSTM32G431xx -c -I../Core/Inc -I../Drivers/STM32G4xx_HAL_Driver/Inc -I../Drivers/STM32G4xx_HAL_Driver/Inc/Legacy -I../Drivers/CMSIS/Device/ST/STM32G4xx/Include -I../Drivers/CMSIS/Include -I"D:/mcu/stm32g4_uart2fdcan/firmware/uart2fdcan/App/hw" -I"D:/mcu/stm32g4_uart2fdcan/firmware/uart2fdcan/App/common/hw" -I"D:/mcu/stm32g4_uart2fdcan/firmware/uart2fdcan/App/common/hw/include" -I"D:/mcu/stm32g4_uart2fdcan/firmware/uart2fdcan/App/common" -I"D:/mcu/stm32g4_uart2fdcan/firmware/uart2fdcan/App/common/core" -I"D:/mcu/stm32g4_uart2fdcan/firmware/uart2fdcan/App/ap" -I"D:/mcu/stm32g4_uart2fdcan/firmware/uart2fdcan/App/bsp" -O0 -ffunction-sections -fdata-sections -Wall -fstack-usage -fcyclomatic-complexity -MMD -MP -MF"App/common/hw/src/cli.d" -MT"App/common/hw/src/cli.o" --specs=nano.specs -mfpu=fpv4-sp-d16 -mfloat-abi=hard -mthumb -o "App/common/hw/src/cli.o"
arm-none-eabi-gcc "../App/common/hw/src/cli_gui.c" -mcpu=cortex-m4 -std=gnu11 -g3 -DDEBUG -DUSE_HAL_DRIVER -DSTM32G431xx -c -I../Core/Inc -I../Drivers/STM32G4xx_HAL_Driver/Inc -I../Drivers/STM32G4xx_HAL_Driver/Inc/Legacy -I../Drivers/CMSIS/Device/ST/STM32G4xx/Include -I../Drivers/CMSIS/Include -I"D:/mcu/stm32g4_uart2fdcan/firmware/uart2fdcan/App/hw" -I"D:/mcu/stm32g4_uart2fdcan/firmware/uart2fdcan/App/common/hw" -I"D:/mcu/stm32g4_uart2fdcan/firmware/uart2fdcan/App/common/hw/include" -I"D:/mcu/stm32g4_uart2fdcan/firmware/uart2fdcan/App/common" -I"D:/mcu/stm32g4_uart2fdcan/firmware/uart2fdcan/App/common/core" -I"D:/mcu/stm32g4_uart2fdcan/firmware/uart2fdcan/App/ap" -I"D:/mcu/stm32g4_uart2fdcan/firmware/uart2fdcan/App/bsp" -O0 -ffunction-sections -fdata-sections -Wall -fstack-usage -fcyclomatic-complexity -MMD -MP -MF"App/common/hw/src/cli_gui.d" -MT"App/common/hw/src/cli_gui.o" --specs=nano.specs -mfpu=fpv4-sp-d16 -mfloat-abi=hard -mthumb -o "App/common/hw/src/cli_gui.o"
arm-none-eabi-gcc "../App/bsp/bsp.c" -mcpu=cortex-m4 -std=gnu11 -g3 -DDEBUG -DUSE_HAL_DRIVER -DSTM32G431xx -c -I../Core/Inc -I../Drivers/STM32G4xx_HAL_Driver/Inc -I../Drivers/STM32G4xx_HAL_Driver/Inc/Legacy -I../Drivers/CMSIS/Device/ST/STM32G4xx/Include -I../Drivers/CMSIS/Include -I"D:/mcu/stm32g4_uart2fdcan/firmware/uart2fdcan/App/hw" -I"D:/mcu/stm32g4_uart2fdcan/firmware/uart2fdcan/App/common/hw" -I"D:/mcu/stm32g4_uart2fdcan/firmware/uart2fdcan/App/common/hw/include" -I"D:/mcu/stm32g4_uart2fdcan/firmware/uart2fdcan/App/common" -I"D:/mcu/stm32g4_uart2fdcan/firmware/uart2fdcan/App/common/core" -I"D:/mcu/stm32g4_uart2fdcan/firmware/uart2fdcan/App/ap" -I"D:/mcu/stm32g4_uart2fdcan/firmware/uart2fdcan/App/bsp" -O0 -ffunction-sections -fdata-sections -Wall -fstack-usage -fcyclomatic-complexity -MMD -MP -MF"App/bsp/bsp.d" -MT"App/bsp/bsp.o" --specs=nano.specs -mfpu=fpv4-sp-d16 -mfloat-abi=hard -mthumb -o "App/bsp/bsp.o"
arm-none-eabi-gcc "../App/ap/ap.c" -mcpu=cortex-m4 -std=gnu11 -g3 -DDEBUG -DUSE_HAL_DRIVER -DSTM32G431xx -c -I../Core/Inc -I../Drivers/STM32G4xx_HAL_Driver/Inc -I../Drivers/STM32G4xx_HAL_Driver/Inc/Legacy -I../Drivers/CMSIS/Device/ST/STM32G4xx/Include -I../Drivers/CMSIS/Include -I"D:/mcu/stm32g4_uart2fdcan/firmware/uart2fdcan/App/hw" -I"D:/mcu/stm32g4_uart2fdcan/firmware/uart2fdcan/App/common/hw" -I"D:/mcu/stm32g4_uart2fdcan/firmware/uart2fdcan/App/common/hw/include" -I"D:/mcu/stm32g4_uart2fdcan/firmware/uart2fdcan/App/common" -I"D:/mcu/stm32g4_uart2fdcan/firmware/uart2fdcan/App/common/core" -I"D:/mcu/stm32g4_uart2fdcan/firmware/uart2fdcan/App/ap" -I"D:/mcu/stm32g4_uart2fdcan/firmware/uart2fdcan/App/bsp" -O0 -ffunction-sections -fdata-sections -Wall -fstack-usage -fcyclomatic-complexity -MMD -MP -MF"App/ap/ap.d" -MT"App/ap/ap.o" --specs=nano.specs -mfpu=fpv4-sp-d16 -mfloat-abi=hard -mthumb -o "App/ap/ap.o"
arm-none-eabi-gcc -o "uart2fdcan.elf" @"objects.list"   -mcpu=cortex-m4 -T"D:\mcu\stm32g4_uart2fdcan\firmware\uart2fdcan\STM32G431KBUX_FLASH.ld" --specs=nosys.specs -Wl,-Map="uart2fdcan.map" -Wl,--gc-sections -static --specs=nano.specs -mfpu=fpv4-sp-d16 -mfloat-abi=hard -mthumb -Wl,--start-group -lc -lm -Wl,--end-group
Finished building target: uart2fdcan.elf
 
arm-none-eabi-size  uart2fdcan.elf 
arm-none-eabi-objdump -h -S uart2fdcan.elf  > "uart2fdcan.list"
   text	   data	    bss	    dec	    hex	filename
  55444	   2624	  13384	  71452	  1171c	uart2fdcan.elf
Finished building: default.size.stdout
 
Finished building: uart2fdcan.list
 
20:51:45 **** Incremental Build of configuration Debug for project uart2fdcan ****
make -j28 all 
arm-none-eabi-size  uart2fdcan.elf 
   text	   data	    bss	    dec	    hex	filename
  55444	   2624	  13384	  71452	  1171c	uart2fdcan.elf
Finished building: default.size.stdout
 
21:00:30 **** Incremental Build of configuration Debug for project uart2fdcan ****
make -j28 all 
arm-none-eabi-size  uart2fdcan.elf 
   text	   data	    bss	    dec	    hex	filename
  55444	   2624	  13384	  71452	  1171c	uart2fdcan.elf
Finished building: default.size.stdout
 
21:09:21 **** Incremental Build of configuration Debug for project uart2fdcan ****
make -j28 all 
arm-none-eabi-gcc "../App/hw/driver/can.c" -mcpu=cortex-m4 -std=gnu11 -g3 -DDEBUG -DUSE_HAL_DRIVER -DSTM32G431xx -c -I../Core/Inc -I../Drivers/STM32G4xx_HAL_Driver/Inc -I../Drivers/STM32G4xx_HAL_Driver/Inc/Legacy -I../Drivers/CMSIS/Device/ST/STM32G4xx/Include -I../Drivers/CMSIS/Include -I"D:/mcu/stm32g4_uart2fdcan/firmware/uart2fdcan/App/hw" -I"D:/mcu/stm32g4_uart2fdcan/firmware/uart2fdcan/App/common/hw" -I"D:/mcu/stm32g4_uart2fdcan/firmware/uart2fdcan/App/common/hw/include" -I"D:/mcu/stm32g4_uart2fdcan/firmware/uart2fdcan/App/common" -I"D:/mcu/stm32g4_uart2fdcan/firmware/uart2fdcan/App/common/core" -I"D:/mcu/stm32g4_uart2fdcan/firmware/uart2fdcan/App/ap" -I"D:/mcu/stm32g4_uart2fdcan/firmware/uart2fdcan/App/bsp" -O0 -ffunction-sections -fdata-sections -Wall -fstack-usage -fcyclomatic-complexity -MMD -MP -MF"App/hw/driver/can.d" -MT"App/hw/driver/can.o" --specs=nano.specs -mfpu=fpv4-sp-d16 -mfloat-abi=hard -mthumb -o "App/hw/driver/can.o"
arm-none-eabi-gcc -o "uart2fdcan.elf" @"objects.list"   -mcpu=cortex-m4 -T"D:\mcu\stm32g4_uart2fdcan\firmware\uart2fdcan\STM32G431KBUX_FLASH.ld" --specs=nosys.specs -Wl,-Map="uart2fdcan.map" -Wl,--gc-sections -static --specs=nano.specs -mfpu=fpv4-sp-d16 -mfloat-abi=hard -mthumb -Wl,--start-group -lc -lm -Wl,--end-group
Finished building target: uart2fdcan.elf
 
arm-none-eabi-size  uart2fdcan.elf 
arm-none-eabi-objdump -h -S uart2fdcan.elf  > "uart2fdcan.list"
   text	   data	    bss	    dec	    hex	filename
  55468	   2624	  13288	  71380	  116d4	uart2fdcan.elf
Finished building: default.size.stdout
 
Finished building: uart2fdcan.list
 
21:09:47 **** Incremental Build of configuration Debug for project uart2fdcan ****
make -j28 all 
arm-none-eabi-size  uart2fdcan.elf 
   text	   data	    bss	    dec	    hex	filename
  55468	   2624	  13288	  71380	  116d4	uart2fdcan.elf
Finished building: default.size.stdout
 
